Archive member included to satisfy reference by file (symbol)

c:/st/stm32cubeide_1.11.2/stm32cubeide/plugins/com.st.stm32cube.ide.mcu.externaltools.gnu-tools-for-stm32.10.3-2021.10.win32_1.0.100.202210260954/tools/bin/../lib/gcc/arm-none-eabi/10.3.1/../../../../arm-none-eabi/lib/thumb/v7e-m+fp/hard\libc_nano.a(lib_a-errno.o)
                              ./Application/Core/Src/syscalls.o (__errno)
c:/st/stm32cubeide_1.11.2/stm32cubeide/plugins/com.st.stm32cube.ide.mcu.externaltools.gnu-tools-for-stm32.10.3-2021.10.win32_1.0.100.202210260954/tools/bin/../lib/gcc/arm-none-eabi/10.3.1/../../../../arm-none-eabi/lib/thumb/v7e-m+fp/hard\libc_nano.a(lib_a-exit.o)
                              c:/st/stm32cubeide_1.11.2/stm32cubeide/plugins/com.st.stm32cube.ide.mcu.externaltools.gnu-tools-for-stm32.10.3-2021.10.win32_1.0.100.202210260954/tools/bin/../lib/gcc/arm-none-eabi/10.3.1/../../../../arm-none-eabi/lib/thumb/v7e-m+fp/hard/crt0.o (exit)
c:/st/stm32cubeide_1.11.2/stm32cubeide/plugins/com.st.stm32cube.ide.mcu.externaltools.gnu-tools-for-stm32.10.3-2021.10.win32_1.0.100.202210260954/tools/bin/../lib/gcc/arm-none-eabi/10.3.1/../../../../arm-none-eabi/lib/thumb/v7e-m+fp/hard\libc_nano.a(lib_a-impure.o)
                              c:/st/stm32cubeide_1.11.2/stm32cubeide/plugins/com.st.stm32cube.ide.mcu.externaltools.gnu-tools-for-stm32.10.3-2021.10.win32_1.0.100.202210260954/tools/bin/../lib/gcc/arm-none-eabi/10.3.1/../../../../arm-none-eabi/lib/thumb/v7e-m+fp/hard\libc_nano.a(lib_a-exit.o) (_global_impure_ptr)
c:/st/stm32cubeide_1.11.2/stm32cubeide/plugins/com.st.stm32cube.ide.mcu.externaltools.gnu-tools-for-stm32.10.3-2021.10.win32_1.0.100.202210260954/tools/bin/../lib/gcc/arm-none-eabi/10.3.1/../../../../arm-none-eabi/lib/thumb/v7e-m+fp/hard\libc_nano.a(lib_a-init.o)
                              c:/st/stm32cubeide_1.11.2/stm32cubeide/plugins/com.st.stm32cube.ide.mcu.externaltools.gnu-tools-for-stm32.10.3-2021.10.win32_1.0.100.202210260954/tools/bin/../lib/gcc/arm-none-eabi/10.3.1/../../../../arm-none-eabi/lib/thumb/v7e-m+fp/hard/crt0.o (__libc_init_array)
c:/st/stm32cubeide_1.11.2/stm32cubeide/plugins/com.st.stm32cube.ide.mcu.externaltools.gnu-tools-for-stm32.10.3-2021.10.win32_1.0.100.202210260954/tools/bin/../lib/gcc/arm-none-eabi/10.3.1/../../../../arm-none-eabi/lib/thumb/v7e-m+fp/hard\libc_nano.a(lib_a-memset.o)
                              c:/st/stm32cubeide_1.11.2/stm32cubeide/plugins/com.st.stm32cube.ide.mcu.externaltools.gnu-tools-for-stm32.10.3-2021.10.win32_1.0.100.202210260954/tools/bin/../lib/gcc/arm-none-eabi/10.3.1/../../../../arm-none-eabi/lib/thumb/v7e-m+fp/hard/crt0.o (memset)
c:/st/stm32cubeide_1.11.2/stm32cubeide/plugins/com.st.stm32cube.ide.mcu.externaltools.gnu-tools-for-stm32.10.3-2021.10.win32_1.0.100.202210260954/tools/bin/../lib/gcc/arm-none-eabi/10.3.1/../../../../arm-none-eabi/lib/thumb/v7e-m+fp/hard\libc_nano.a(lib_a-puts.o)
                              ./Application/BSW/DET/ErrorHandler.o (puts)
c:/st/stm32cubeide_1.11.2/stm32cubeide/plugins/com.st.stm32cube.ide.mcu.externaltools.gnu-tools-for-stm32.10.3-2021.10.win32_1.0.100.202210260954/tools/bin/../lib/gcc/arm-none-eabi/10.3.1/../../../../arm-none-eabi/lib/thumb/v7e-m+fp/hard\libc_nano.a(lib_a-wbuf.o)
                              c:/st/stm32cubeide_1.11.2/stm32cubeide/plugins/com.st.stm32cube.ide.mcu.externaltools.gnu-tools-for-stm32.10.3-2021.10.win32_1.0.100.202210260954/tools/bin/../lib/gcc/arm-none-eabi/10.3.1/../../../../arm-none-eabi/lib/thumb/v7e-m+fp/hard\libc_nano.a(lib_a-puts.o) (__swbuf_r)
c:/st/stm32cubeide_1.11.2/stm32cubeide/plugins/com.st.stm32cube.ide.mcu.externaltools.gnu-tools-for-stm32.10.3-2021.10.win32_1.0.100.202210260954/tools/bin/../lib/gcc/arm-none-eabi/10.3.1/../../../../arm-none-eabi/lib/thumb/v7e-m+fp/hard\libc_nano.a(lib_a-wsetup.o)
                              c:/st/stm32cubeide_1.11.2/stm32cubeide/plugins/com.st.stm32cube.ide.mcu.externaltools.gnu-tools-for-stm32.10.3-2021.10.win32_1.0.100.202210260954/tools/bin/../lib/gcc/arm-none-eabi/10.3.1/../../../../arm-none-eabi/lib/thumb/v7e-m+fp/hard\libc_nano.a(lib_a-puts.o) (__swsetup_r)
c:/st/stm32cubeide_1.11.2/stm32cubeide/plugins/com.st.stm32cube.ide.mcu.externaltools.gnu-tools-for-stm32.10.3-2021.10.win32_1.0.100.202210260954/tools/bin/../lib/gcc/arm-none-eabi/10.3.1/../../../../arm-none-eabi/lib/thumb/v7e-m+fp/hard\libc_nano.a(lib_a-fflush.o)
                              c:/st/stm32cubeide_1.11.2/stm32cubeide/plugins/com.st.stm32cube.ide.mcu.externaltools.gnu-tools-for-stm32.10.3-2021.10.win32_1.0.100.202210260954/tools/bin/../lib/gcc/arm-none-eabi/10.3.1/../../../../arm-none-eabi/lib/thumb/v7e-m+fp/hard\libc_nano.a(lib_a-wbuf.o) (_fflush_r)
c:/st/stm32cubeide_1.11.2/stm32cubeide/plugins/com.st.stm32cube.ide.mcu.externaltools.gnu-tools-for-stm32.10.3-2021.10.win32_1.0.100.202210260954/tools/bin/../lib/gcc/arm-none-eabi/10.3.1/../../../../arm-none-eabi/lib/thumb/v7e-m+fp/hard\libc_nano.a(lib_a-findfp.o)
[...]
Memory Configuration

Name             Origin             Length             Attributes
CCMRAM           0x0000000010000000 0x0000000000004000 xrw
RAM              0x0000000020000000 0x0000000000010000 xrw
FLASH            0x0000000008000000 0x0000000000080000 xr
*default*        0x0000000000000000 0xffffffffffffffff

Linker script and memory map

LOAD c:/st/stm32cubeide_1.11.2/stm32cubeide/plugins/com.st.stm32cube.ide.mcu.externaltools.gnu-tools-for-stm32.10.3-2021.10.win32_1.0.100.202210260954/tools/bin/../lib/gcc/arm-none-eabi/10.3.1/thumb/v7e-m+fp/hard/crti.o
LOAD c:/st/stm32cubeide_1.11.2/stm32cubeide/plugins/com.st.stm32cube.ide.mcu.externaltools.gnu-tools-for-stm32.10.3-2021.10.win32_1.0.100.202210260954/tools/bin/../lib/gcc/arm-none-eabi/10.3.1/thumb/v7e-m+fp/hard/crtbegin.o
LOAD c:/st/stm32cubeide_1.11.2/stm32cubeide/plugins/com.st.stm32cube.ide.mcu.externaltools.gnu-tools-for-stm32.10.3-2021.10.win32_1.0.100.202210260954/tools/bin/../lib/gcc/arm-none-eabi/10.3.1/../../../../arm-none-eabi/lib/thumb/v7e-m+fp/hard/crt0.o
LOAD ./Application/APP/LightsControl/Swc_LightsControl.o
LOAD ./Application/BSW/DET/ErrorHandler.o
LOAD ./Application/BSW/GPIO/Gpio.o
LOAD ./Application/Core/Src/main.o
LOAD ./Application/Core/Src/syscalls.o
LOAD ./Application/Core/Src/sysmem.o
LOAD ./Application/MCAL/Dio.o
LOAD ./Application/MCAL/PlatformDrivers/STM32F303RE/Dio_Stm32.o
LOAD ./Application/ProjectConfig/Gpio_Cfg.o
LOAD ./Application/RTE/Rte_LightsControl.o
LOAD ./Startup/startup_stm32f303retx.o
START GROUP
LOAD c:/st/stm32cubeide_1.11.2/stm32cubeide/plugins/com.st.stm32cube.ide.mcu.externaltools.gnu-tools-for-stm32.10.3-2021.10.win32_1.0.100.202210260954/tools/bin/../lib/gcc/arm-none-eabi/10.3.1/../../../../arm-none-eabi/lib/thumb/v7e-m+fp/hard\libc_nano.a
LOAD c:/st/stm32cubeide_1.11.2/stm32cubeide/plugins/com.st.stm32cube.ide.mcu.externaltools.gnu-tools-for-stm32.10.3-2021.10.win32_1.0.100.202210260954/tools/bin/../lib/gcc/arm-none-eabi/10.3.1/../../../../arm-none-eabi/lib/thumb/v7e-m+fp/hard\libm.a
END GROUP
START GROUP
LOAD c:/st/stm32cubeide_1.11.2/stm32cubeide/plugins/com.st.stm32cube.ide.mcu.externaltools.gnu-tools-for-stm32.10.3-2021.10.win32_1.0.100.202210260954/tools/bin/../lib/gcc/arm-none-eabi/10.3.1/thumb/v7e-m+fp/hard\libgcc.a
LOAD c:/st/stm32cubeide_1.11.2/stm32cubeide/plugins/com.st.stm32cube.ide.mcu.externaltools.gnu-tools-for-stm32.10.3-2021.10.win32_1.0.100.202210260954/tools/bin/../lib/gcc/arm-none-eabi/10.3.1/../../../../arm-none-eabi/lib/thumb/v7e-m+fp/hard\libc_nano.a
END GROUP
START GROUP
LOAD c:/st/stm32cubeide_1.11.2/stm32cubeide/plugins/com.st.stm32cube.ide.mcu.externaltools.gnu-tools-for-stm32.10.3-2021.10.win32_1.0.100.202210260954/tools/bin/../lib/gcc/arm-none-eabi/10.3.1/thumb/v7e-m+fp/hard\libgcc.a
LOAD c:/st/stm32cubeide_1.11.2/stm32cubeide/plugins/com.st.stm32cube.ide.mcu.externaltools.gnu-tools-for-stm32.10.3-2021.10.win32_1.0.100.202210260954/tools/bin/../lib/gcc/arm-none-eabi/10.3.1/../../../../arm-none-eabi/lib/thumb/v7e-m+fp/hard\libc_nano.a
LOAD c:/st/stm32cubeide_1.11.2/stm32cubeide/plugins/com.st.stm32cube.ide.mcu.externaltools.gnu-tools-for-stm32.10.3-2021.10.win32_1.0.100.202210260954/tools/bin/../lib/gcc/arm-none-eabi/10.3.1/../../../../arm-none-eabi/lib/thumb/v7e-m+fp/hard\libnosys.a
END GROUP
START GROUP
LOAD c:/st/stm32cubeide_1.11.2/stm32cubeide/plugins/com.st.stm32cube.ide.mcu.externaltools.gnu-tools-for-stm32.10.3-2021.10.win32_1.0.100.202210260954/tools/bin/../lib/gcc/arm-none-eabi/10.3.1/thumb/v7e-m+fp/hard\libgcc.a
LOAD c:/st/stm32cubeide_1.11.2/stm32cubeide/plugins/com.st.stm32cube.ide.mcu.externaltools.gnu-tools-for-stm32.10.3-2021.10.win32_1.0.100.202210260954/tools/bin/../lib/gcc/arm-none-eabi/10.3.1/../../../../arm-none-eabi/lib/thumb/v7e-m+fp/hard\libc_nano.a
LOAD c:/st/stm32cubeide_1.11.2/stm32cubeide/plugins/com.st.stm32cube.ide.mcu.externaltools.gnu-tools-for-stm32.10.3-2021.10.win32_1.0.100.202210260954/tools/bin/../lib/gcc/arm-none-eabi/10.3.1/../../../../arm-none-eabi/lib/thumb/v7e-m+fp/hard\libnosys.a
END GROUP
LOAD c:/st/stm32cubeide_1.11.2/stm32cubeide/plugins/com.st.stm32cube.ide.mcu.externaltools.gnu-tools-for-stm32.10.3-2021.10.win32_1.0.100.202210260954/tools/bin/../lib/gcc/arm-none-eabi/10.3.1/thumb/v7e-m+fp/hard/crtend.o
LOAD c:/st/stm32cubeide_1.11.2/stm32cubeide/plugins/com.st.stm32cube.ide.mcu.externaltools.gnu-tools-for-stm32.10.3-2021.10.win32_1.0.100.202210260954/tools/bin/../lib/gcc/arm-none-eabi/10.3.1/thumb/v7e-m+fp/hard/crtn.o
                0x0000000020010000                _estack = (ORIGIN (RAM) + LENGTH (RAM))
                0x0000000000000200                _Min_Heap_Size = 0x200
                0x0000000000000400                _Min_Stack_Size = 0x400

.isr_vector     0x0000000008000000      0x194
                0x0000000008000000                . = ALIGN (0x4)
 *(.isr_vector)
 .isr_vector    0x0000000008000000      0x194 ./Startup/startup_stm32f303retx.o
                0x0000000008000000                g_pfnVectors
                0x0000000008000194                . = ALIGN (0x4)

.text           0x0000000008000194      0xe6c
                0x0000000008000194                . = ALIGN (0x4)
 *(.text)
 .text          0x0000000008000194       0x40 c:/st/stm32cubeide_1.11.2/stm32cubeide/plugins/com.st.stm32cube.ide.mcu.externaltools.gnu-tools-for-stm32.10.3-2021.10.win32_1.0.100.202210260954/tools/bin/../lib/gcc/arm-none-eabi/10.3.1/thumb/v7e-m+fp/hard/crtbegin.o
 *(.text*)
 .text.Swc_Lights_Init
                0x00000000080001d4        0xc ./Application/APP/LightsControl/Swc_LightsControl.o
                0x00000000080001d4                Swc_Lights_Init
 .text.Swc_Lights_TurnOnLed
                0x00000000080001e0        0xc ./Application/APP/LightsControl/Swc_LightsControl.o
                0x00000000080001e0                Swc_Lights_TurnOnLed
 .text.Swc_Lights_TurnOffLed
                0x00000000080001ec        0xc ./Application/APP/LightsControl/Swc_LightsControl.o
                0x00000000080001ec                Swc_Lights_TurnOffLed
 .text.Swc_Lights_TurnOnRelay
                0x00000000080001f8        0xc ./Application/APP/LightsControl/Swc_LightsControl.o
                0x00000000080001f8                Swc_Lights_TurnOnRelay
 .text.Swc_Lights_TurnOffRelay
                0x0000000008000204        0xc ./Application/APP/LightsControl/Swc_LightsControl.o
                0x0000000008000204                Swc_Lights_TurnOffRelay
 .text.Swc_Lights_delay
                0x0000000008000210       0x2c ./Application/APP/LightsControl/Swc_LightsControl.o
                0x0000000008000210                Swc_Lights_delay
 .text.Error_Report
                0x000000000800023c       0x30 ./Application/BSW/DET/ErrorHandler.o
                0x000000000800023c                Error_Report
 .text.gpio_set
                0x000000000800026c       0x34 ./Application/BSW/GPIO/Gpio.o
                0x000000000800026c                gpio_set
 .text.gpio_clear
                0x00000000080002a0       0x34 ./Application/BSW/GPIO/Gpio.o
                0x00000000080002a0                gpio_clear
 .text.main     0x00000000080002d4       0x32 ./Application/Core/Src/main.o
                0x00000000080002d4                main
 .text._read    0x0000000008000306       0x3a ./Application/Core/Src/syscalls.o
                0x0000000008000306                _read
 .text._write   0x0000000008000340       0x38 ./Application/Core/Src/syscalls.o
                0x0000000008000340                _write
 .text._close   0x0000000008000378       0x18 ./Application/Core/Src/syscalls.o
                0x0000000008000378                _close
 .text._fstat   0x0000000008000390       0x20 ./Application/Core/Src/syscalls.o
                0x0000000008000390                _fstat
 .text._isatty  0x00000000080003b0       0x16 ./Application/Core/Src/syscalls.o
                0x00000000080003b0                _isatty
 .text._lseek   0x00000000080003c6       0x1a ./Application/Core/Src/syscalls.o
                0x00000000080003c6                _lseek
 .text._sbrk    0x00000000080003e0       0x6c ./Application/Core/Src/sysmem.o
                0x00000000080003e0                _sbrk
 .text.Dio_Write
                0x000000000800044c       0x1c ./Application/MCAL/Dio.o
                0x000000000800044c                Dio_Write
 .text.Dio_Stm32_WriteState_LD4
                0x0000000008000468       0x3e ./Application/MCAL/PlatformDrivers/STM32F303RE/Dio_Stm32.o
                0x0000000008000468                Dio_Stm32_WriteState_LD4
 .text.Rte_TurnOnLed
                0x00000000080004a6       0x20 ./Application/RTE/Rte_LightsControl.o
                0x00000000080004a6                Rte_TurnOnLed
 .text.Rte_TurnOffLed
                0x00000000080004c6       0x20 ./Application/RTE/Rte_LightsControl.o
                0x00000000080004c6                Rte_TurnOffLed
 .text.Rte_TurnOnRelay
                0x00000000080004e6       0x20 ./Application/RTE/Rte_LightsControl.o
                0x00000000080004e6                Rte_TurnOnRelay
 .text.Rte_TurnOffRelay
                0x0000000008000506       0x20 ./Application/RTE/Rte_LightsControl.o
                0x0000000008000506                Rte_TurnOffRelay
 .text.Rte_Lights_Init
                0x0000000008000526        0xe ./Application/RTE/Rte_LightsControl.o
                0x0000000008000526                Rte_Lights_Init
 .text.Reset_Handler
                0x0000000008000534       0x50 ./Startup/startup_stm32f303retx.o
                0x0000000008000534                Reset_Handler
 .text.Default_Handler
                0x0000000008000584        0x2 ./Startup/startup_stm32f303retx.o
                0x0000000008000584                TIM8_TRG_COM_IRQHandler
                0x0000000008000584                TIM8_CC_IRQHandler
                0x0000000008000584                DebugMon_Handler
                0x0000000008000584                DMA1_CH4_IRQHandler
                0x0000000008000584                SPI4_IRQHandler
                0x0000000008000584                TIM1_CC_IRQHandler
                0x0000000008000584                HardFault_Handler
                0x0000000008000584                USB_HP_IRQHandler
                0x0000000008000584                I2C2_EV_EXTI24_IRQHandler
                0x0000000008000584                SysTick_Handler
                0x0000000008000584                USB_WKUP_EXTI_IRQHandler
                0x0000000008000584                PVD_IRQHandler
                0x0000000008000584                UART4_EXTI34_IRQHandler
                0x0000000008000584                TAMP_STAMP_IRQHandler
                0x0000000008000584                PendSV_Handler
                0x0000000008000584                NMI_Handler
                0x0000000008000584                EXTI3_IRQHandler
                0x0000000008000584                I2C3_ER_IRQHandler
                0x0000000008000584                TIM6_DACUNDER_IRQHandler
                0x0000000008000584                USB_HP_CAN_TX_IRQHandler
                0x0000000008000584                EXTI0_IRQHandler
                0x0000000008000584                DMA2_CH1_IRQHandler
                0x0000000008000584                FPU_IRQHandler
                0x0000000008000584                TIM1_UP_TIM16_IRQHandler
                0x0000000008000584                UsageFault_Handler
                0x0000000008000584                ADC1_2_IRQHandler
                0x0000000008000584                SPI1_IRQHandler
                0x0000000008000584                CAN_SCE_IRQHandler
                0x0000000008000584                DMA1_CH7_IRQHandler
                0x0000000008000584                TIM8_UP_IRQHandler
                0x0000000008000584                COMP456_IRQHandler
                0x0000000008000584                DMA1_CH6_IRQHandler
                0x0000000008000584                TIM20_TRG_COM_IRQHandler
                0x0000000008000584                ADC3_IRQHandler
                0x0000000008000584                TIM4_IRQHandler
                0x0000000008000584                CAN_RX1_IRQHandler
                0x0000000008000584                USART1_EXTI25_IRQHandler
                0x0000000008000584                DMA2_CH5_IRQHandler
                0x0000000008000584                I2C1_EV_EXTI23_IRQHandler
                0x0000000008000584                DMA1_CH3_IRQHandler
                0x0000000008000584                TIM3_IRQHandler
                0x0000000008000584                RCC_IRQHandler
                0x0000000008000584                TIM20_UP_IRQHandler
                0x0000000008000584                Default_Handler
                0x0000000008000584                EXTI15_10_IRQHandler
                0x0000000008000584                USART2_EXTI26_IRQHandler
                0x0000000008000584                USART3_EXTI28_IRQHandler
                0x0000000008000584                TIM7_IRQHandler
                0x0000000008000584                I2C3_EV_IRQHandler
                0x0000000008000584                EXTI9_5_IRQHandler
                0x0000000008000584                DMA1_CH2_IRQHandler
                0x0000000008000584                RTC_WKUP_IRQHandler
                0x0000000008000584                SPI2_IRQHandler
                0x0000000008000584                DMA1_CH1_IRQHandler
                0x0000000008000584                USB_LP_CAN_RX0_IRQHandler
                0x0000000008000584                MemManage_Handler
                0x0000000008000584                COMP123_IRQHandler
                0x0000000008000584                SVC_Handler
                0x0000000008000584                USB_LP_IRQHandler
                0x0000000008000584                EXTI4_IRQHandler
                0x0000000008000584                TIM1_TRG_COM_TIM17_IRQHandler
                0x0000000008000584                ADC4_IRQHandler
                0x0000000008000584                WWDG_IRQHandler
                0x0000000008000584                TIM2_IRQHandler
                0x0000000008000584                COMP7_IRQHandler
                0x0000000008000584                EXTI1_IRQHandler
                0x0000000008000584                RTCAlarm_IRQHandler
                0x0000000008000584                UART5_EXTI35_IRQHandler
                0x0000000008000584                TIM20_BRK_IRQHandler
                0x0000000008000584                I2C2_ER_IRQHandler
                0x0000000008000584                TIM8_BRK_IRQHandler
                0x0000000008000584                FLASH_IRQHandler
                0x0000000008000584                TIM20_CC_IRQHandler
                0x0000000008000584                BusFault_Handler
                0x0000000008000584                SPI3_IRQHandler
                0x0000000008000584                DMA2_CH3_IRQHandler
                0x0000000008000584                DMA2_CH2_IRQHandler
                0x0000000008000584                I2C1_ER_IRQHandler
                0x0000000008000584                FMC_IRQHandler
                0x0000000008000584                DMA1_CH5_IRQHandler
                0x0000000008000584                DMA2_CH4_IRQHandler
                0x0000000008000584                USB_WKUP_IRQHandler
                0x0000000008000584                EXTI2_TSC_IRQHandler
                0x0000000008000584                TIM1_BRK_TIM15_IRQHandler
 *fill*         0x0000000008000586        0x2 
 .text.__errno  0x0000000008000588        0xc c:/st/stm32cubeide_1.11.2/stm32cubeide/plugins/com.st.stm32cube.ide.mcu.externaltools.gnu-tools-for-stm32.10.3-2021.10.win32_1.0.100.202210260954/tools/bin/../lib/gcc/arm-none-eabi/10.3.1/../../../../arm-none-eabi/lib/thumb/v7e-m+fp/hard\libc_nano.a(lib_a-errno.o)
                0x0000000008000588                __errno
 .text.__libc_init_array
                0x0000000008000594       0x48 c:/st/stm32cubeide_1.11.2/stm32cubeide/plugins/com.st.stm32cube.ide.mcu.externaltools.gnu-tools-for-stm32.10.3-2021.10.win32_1.0.100.202210260954/tools/bin/../lib/gcc/arm-none-eabi/10.3.1/../../../../arm-none-eabi/lib/thumb/v7e-m+fp/hard\libc_nano.a(lib_a-init.o)
                0x0000000008000594                __libc_init_array
 .text.memset   0x00000000080005dc       0x10 c:/st/stm32cubeide_1.11.2/stm32cubeide/plugins/com.st.stm32cube.ide.mcu.externaltools.gnu-tools-for-stm32.10.3-2021.10.win32_1.0.100.202210260954/tools/bin/../lib/gcc/arm-none-eabi/10.3.1/../../../../arm-none-eabi/lib/thumb/v7e-m+fp/hard\libc_nano.a(lib_a-memset.o)
                0x00000000080005dc                memset
 .text._puts_r  0x00000000080005ec       0xdc c:/st/stm32cubeide_1.11.2/stm32cubeide/plugins/com.st.stm32cube.ide.mcu.externaltools.gnu-tools-for-stm32.10.3-2021.10.win32_1.0.100.202210260954/tools/bin/../lib/gcc/arm-none-eabi/10.3.1/../../../../arm-none-eabi/lib/thumb/v7e-m+fp/hard\libc_nano.a(lib_a-puts.o)
                0x00000000080005ec                _puts_r
 .text.puts     0x00000000080006c8       0x10 c:/st/stm32cubeide_1.11.2/stm32cubeide/plugins/com.st.stm32cube.ide.mcu.externaltools.gnu-tools-for-stm32.10.3-2021.10.win32_1.0.100.202210260954/tools/bin/../lib/gcc/arm-none-eabi/10.3.1/../../../../arm-none-eabi/lib/thumb/v7e-m+fp/hard\libc_nano.a(lib_a-puts.o)
                0x00000000080006c8                puts
 .text.__swbuf_r
                0x00000000080006d8       0xa4 c:/st/stm32cubeide_1.11.2/stm32cubeide/plugins/com.st.stm32cube.ide.mcu.externaltools.gnu-tools-for-stm32.10.3-2021.10.win32_1.0.100.202210260954/tools/bin/../lib/gcc/arm-none-eabi/10.3.1/../../../../arm-none-eabi/lib/thumb/v7e-m+fp/hard\libc_nano.a(lib_a-wbuf.o)
                0x00000000080006d8                __swbuf_r
 .text.__swsetup_r
                0x000000000800077c       0xdc c:/st/stm32cubeide_1.11.2/stm32cubeide/plugins/com.st.stm32cube.ide.mcu.externaltools.gnu-tools-for-stm32.10.3-2021.10.win32_1.0.100.202210260954/tools/bin/../lib/gcc/arm-none-eabi/10.3.1/../../../../arm-none-eabi/lib/thumb/v7e-m+fp/hard\libc_nano.a(lib_a-wsetup.o)
                0x000000000800077c                __swsetup_r
 .text.__sflush_r
                0x0000000008000858      0x10c c:/st/stm32cubeide_1.11.2/stm32cubeide/plugins/com.st.stm32cube.ide.mcu.externaltools.gnu-tools-for-stm32.10.3-2021.10.win32_1.0.100.202210260954/tools/bin/../lib/gcc/arm-none-eabi/10.3.1/../../../../arm-none-eabi/lib/thumb/v7e-m+fp/hard\libc_nano.a(lib_a-fflush.o)
                0x0000000008000858                __sflush_r
 .text._fflush_r
                0x0000000008000964       0x78 c:/st/stm32cubeide_1.11.2/stm32cubeide/plugins/com.st.stm32cube.ide.mcu.externaltools.gnu-tools-for-stm32.10.3-2021.10.win32_1.0.100.202210260954/tools/bin/../lib/gcc/arm-none-eabi/10.3.1/../../../../arm-none-eabi/lib/thumb/v7e-m+fp/hard\libc_nano.a(lib_a-fflush.o)
                0x0000000008000964                _fflush_r
 .text.std      0x00000000080009dc       0x48 c:/st/stm32cubeide_1.11.2/stm32cubeide/plugins/com.st.stm32cube.ide.mcu.externaltools.gnu-tools-for-stm32.10.3-2021.10.win32_1.0.100.202210260954/tools/bin/../lib/gcc/arm-none-eabi/10.3.1/../../../../arm-none-eabi/lib/thumb/v7e-m+fp/hard\libc_nano.a(lib_a-findfp.o)
 .text._cleanup_r
                0x0000000008000a24        0xc c:/st/stm32cubeide_1.11.2/stm32cubeide/plugins/com.st.stm32cube.ide.mcu.externaltools.gnu-tools-for-stm32.10.3-2021.10.win32_1.0.100.202210260954/tools/bin/../lib/gcc/arm-none-eabi/10.3.1/../../../../arm-none-eabi/lib/thumb/v7e-m+fp/hard\libc_nano.a(lib_a-findfp.o)
                0x0000000008000a24                _cleanup_r
 .text.__sfmoreglue
                0x0000000008000a30       0x2c c:/st/stm32cubeide_1.11.2/stm32cubeide/plugins/com.st.stm32cube.ide.mcu.externaltools.gnu-tools-for-stm32.10.3-2021.10.win32_1.0.100.202210260954/tools/bin/../lib/gcc/arm-none-eabi/10.3.1/../../../../arm-none-eabi/lib/thumb/v7e-m+fp/hard\libc_nano.a(lib_a-findfp.o)
                0x0000000008000a30                __sfmoreglue
 .text.__sfp_lock_acquire
                0x0000000008000a5c        0xc c:/st/stm32cubeide_1.11.2/stm32cubeide/plugins/com.st.stm32cube.ide.mcu.externaltools.gnu-tools-for-stm32.10.3-2021.10.win32_1.0.100.202210260954/tools/bin/../lib/gcc/arm-none-eabi/10.3.1/../../../../arm-none-eabi/lib/thumb/v7e-m+fp/hard\libc_nano.a(lib_a-findfp.o)
                0x0000000008000a5c                __sfp_lock_acquire
 .text.__sfp_lock_release
                0x0000000008000a68        0xc c:/st/stm32cubeide_1.11.2/stm32cubeide/plugins/com.st.stm32cube.ide.mcu.externaltools.gnu-tools-for-stm32.10.3-2021.10.win32_1.0.100.202210260954/tools/bin/../lib/gcc/arm-none-eabi/10.3.1/../../../../arm-none-eabi/lib/thumb/v7e-m+fp/hard\libc_nano.a(lib_a-findfp.o)
                0x0000000008000a68                __sfp_lock_release
 .text.__sinit_lock_acquire
                0x0000000008000a74        0xc c:/st/stm32cubeide_1.11.2/stm32cubeide/plugins/com.st.stm32cube.ide.mcu.externaltools.gnu-tools-for-stm32.10.3-2021.10.win32_1.0.100.202210260954/tools/bin/../lib/gcc/arm-none-eabi/10.3.1/../../../../arm-none-eabi/lib/thumb/v7e-m+fp/hard\libc_nano.a(lib_a-findfp.o)
                0x0000000008000a74                __sinit_lock_acquire
 .text.__sinit_lock_release
                0x0000000008000a80        0xc c:/st/stm32cubeide_1.11.2/stm32cubeide/plugins/com.st.stm32cube.ide.mcu.externaltools.gnu-tools-for-stm32.10.3-2021.10.win32_1.0.100.202210260954/tools/bin/../lib/gcc/arm-none-eabi/10.3.1/../../../../arm-none-eabi/lib/thumb/v7e-m+fp/hard\libc_nano.a(lib_a-findfp.o)
                0x0000000008000a80                __sinit_lock_release
 .text.__sinit  0x0000000008000a8c       0x70 c:/st/stm32cubeide_1.11.2/stm32cubeide/plugins/com.st.stm32cube.ide.mcu.externaltools.gnu-tools-for-stm32.10.3-2021.10.win32_1.0.100.202210260954/tools/bin/../lib/gcc/arm-none-eabi/10.3.1/../../../../arm-none-eabi/lib/thumb/v7e-m+fp/hard\libc_nano.a(lib_a-findfp.o)
                0x0000000008000a8c                __sinit
 .text.__sfp    0x0000000008000afc       0x8c c:/st/stm32cubeide_1.11.2/stm32cubeide/plugins/com.st.stm32cube.ide.mcu.externaltools.gnu-tools-for-stm32.10.3-2021.10.win32_1.0.100.202210260954/tools/bin/../lib/gcc/arm-none-eabi/10.3.1/../../../../arm-none-eabi/lib/thumb/v7e-m+fp/hard\libc_nano.a(lib_a-findfp.o)
                0x0000000008000afc                __sfp
 .text._fwalk_reent
                0x0000000008000b88       0x3e c:/st/stm32cubeide_1.11.2/stm32cubeide/plugins/com.st.stm32cube.ide.mcu.externaltools.gnu-tools-for-stm32.10.3-2021.10.win32_1.0.100.202210260954/tools/bin/../lib/gcc/arm-none-eabi/10.3.1/../../../../arm-none-eabi/lib/thumb/v7e-m+fp/hard\libc_nano.a(lib_a-fwalk.o)
                0x0000000008000b88                _fwalk_reent
 .text.__retarget_lock_init_recursive
                0x0000000008000bc6        0x2 c:/st/stm32cubeide_1.11.2/stm32cubeide/plugins/com.st.stm32cube.ide.mcu.externaltools.gnu-tools-for-stm32.10.3-2021.10.win32_1.0.100.202210260954/tools/bin/../lib/gcc/arm-none-eabi/10.3.1/../../../../arm-none-eabi/lib/thumb/v7e-m+fp/hard\libc_nano.a(lib_a-lock.o)
                0x0000000008000bc6                __retarget_lock_init_recursive
 .text.__retarget_lock_acquire_recursive
                0x0000000008000bc8        0x2 c:/st/stm32cubeide_1.11.2/stm32cubeide/plugins/com.st.stm32cube.ide.mcu.externaltools.gnu-tools-for-stm32.10.3-2021.10.win32_1.0.100.202210260954/tools/bin/../lib/gcc/arm-none-eabi/10.3.1/../../../../arm-none-eabi/lib/thumb/v7e-m+fp/hard\libc_nano.a(lib_a-lock.o)
                0x0000000008000bc8                __retarget_lock_acquire_recursive
 .text.__retarget_lock_release_recursive
                0x0000000008000bca        0x2 c:/st/stm32cubeide_1.11.2/stm32cubeide/plugins/com.st.stm32cube.ide.mcu.externaltools.gnu-tools-for-stm32.10.3-2021.10.win32_1.0.100.202210260954/tools/bin/../lib/gcc/arm-none-eabi/10.3.1/../../../../arm-none-eabi/lib/thumb/v7e-m+fp/hard\libc_nano.a(lib_a-lock.o)
                0x0000000008000bca                __retarget_lock_release_recursive
 .text.__swhatbuf_r
                0x0000000008000bcc       0x4a c:/st/stm32cubeide_1.11.2/stm32cubeide/plugins/com.st.stm32cube.ide.mcu.externaltools.gnu-tools-for-stm32.10.3-2021.10.win32_1.0.100.202210260954/tools/bin/../lib/gcc/arm-none-eabi/10.3.1/../../../../arm-none-eabi/lib/thumb/v7e-m+fp/hard\libc_nano.a(lib_a-makebuf.o)
                0x0000000008000bcc                __swhatbuf_r
 *fill*         0x0000000008000c16        0x2 
 .text.__smakebuf_r
                0x0000000008000c18       0x80 c:/st/stm32cubeide_1.11.2/stm32cubeide/plugins/com.st.stm32cube.ide.mcu.externaltools.gnu-tools-for-stm32.10.3-2021.10.win32_1.0.100.202210260954/tools/bin/../lib/gcc/arm-none-eabi/10.3.1/../../../../arm-none-eabi/lib/thumb/v7e-m+fp/hard\libc_nano.a(lib_a-makebuf.o)
                0x0000000008000c18                __smakebuf_r
 .text._free_r  0x0000000008000c98       0x98 c:/st/stm32cubeide_1.11.2/stm32cubeide/plugins/com.st.stm32cube.ide.mcu.externaltools.gnu-tools-for-stm32.10.3-2021.10.win32_1.0.100.202210260954/tools/bin/../lib/gcc/arm-none-eabi/10.3.1/../../../../arm-none-eabi/lib/thumb/v7e-m+fp/hard\libc_nano.a(lib_a-nano-freer.o)
                0x0000000008000c98                _free_r
 .text.sbrk_aligned
                0x0000000008000d30       0x40 c:/st/stm32cubeide_1.11.2/stm32cubeide/plugins/com.st.stm32cube.ide.mcu.externaltools.gnu-tools-for-stm32.10.3-2021.10.win32_1.0.100.202210260954/tools/bin/../lib/gcc/arm-none-eabi/10.3.1/../../../../arm-none-eabi/lib/thumb/v7e-m+fp/hard\libc_nano.a(lib_a-nano-mallocr.o)
 .text._malloc_r
                0x0000000008000d70       0xe8 c:/st/stm32cubeide_1.11.2/stm32cubeide/plugins/com.st.stm32cube.ide.mcu.externaltools.gnu-tools-for-stm32.10.3-2021.10.win32_1.0.100.202210260954/tools/bin/../lib/gcc/arm-none-eabi/10.3.1/../../../../arm-none-eabi/lib/thumb/v7e-m+fp/hard\libc_nano.a(lib_a-nano-mallocr.o)
                0x0000000008000d70                _malloc_r
 .text._sbrk_r  0x0000000008000e58       0x20 c:/st/stm32cubeide_1.11.2/stm32cubeide/plugins/com.st.stm32cube.ide.mcu.externaltools.gnu-tools-for-stm32.10.3-2021.10.win32_1.0.100.202210260954/tools/bin/../lib/gcc/arm-none-eabi/10.3.1/../../../../arm-none-eabi/lib/thumb/v7e-m+fp/hard\libc_nano.a(lib_a-sbrkr.o)
                0x0000000008000e58                _sbrk_r
 .text.__sread  0x0000000008000e78       0x22 c:/st/stm32cubeide_1.11.2/stm32cubeide/plugins/com.st.stm32cube.ide.mcu.externaltools.gnu-tools-for-stm32.10.3-2021.10.win32_1.0.100.202210260954/tools/bin/../lib/gcc/arm-none-eabi/10.3.1/../../../../arm-none-eabi/lib/thumb/v7e-m+fp/hard\libc_nano.a(lib_a-stdio.o)
                0x0000000008000e78                __sread
 .text.__swrite
                0x0000000008000e9a       0x38 c:/st/stm32cubeide_1.11.2/stm32cubeide/plugins/com.st.stm32cube.ide.mcu.externaltools.gnu-tools-for-stm32.10.3-2021.10.win32_1.0.100.202210260954/tools/bin/../lib/gcc/arm-none-eabi/10.3.1/../../../../arm-none-eabi/lib/thumb/v7e-m+fp/hard\libc_nano.a(lib_a-stdio.o)
                0x0000000008000e9a                __swrite
 .text.__sseek  0x0000000008000ed2       0x24 c:/st/stm32cubeide_1.11.2/stm32cubeide/plugins/com.st.stm32cube.ide.mcu.externaltools.gnu-tools-for-stm32.10.3-2021.10.win32_1.0.100.202210260954/tools/bin/../lib/gcc/arm-none-eabi/10.3.1/../../../../arm-none-eabi/lib/thumb/v7e-m+fp/hard\libc_nano.a(lib_a-stdio.o)
                0x0000000008000ed2                __sseek
 .text.__sclose
                0x0000000008000ef6        0x8 c:/st/stm32cubeide_1.11.2/stm32cubeide/plugins/com.st.stm32cube.ide.mcu.externaltools.gnu-tools-for-stm32.10.3-2021.10.win32_1.0.100.202210260954/tools/bin/../lib/gcc/arm-none-eabi/10.3.1/../../../../arm-none-eabi/lib/thumb/v7e-m+fp/hard\libc_nano.a(lib_a-stdio.o)
                0x0000000008000ef6                __sclose
 *fill*         0x0000000008000efe        0x2 
 .text._write_r
                0x0000000008000f00       0x24 c:/st/stm32cubeide_1.11.2/stm32cubeide/plugins/com.st.stm32cube.ide.mcu.externaltools.gnu-tools-for-stm32.10.3-2021.10.win32_1.0.100.202210260954/tools/bin/../lib/gcc/arm-none-eabi/10.3.1/../../../../arm-none-eabi/lib/thumb/v7e-m+fp/hard\libc_nano.a(lib_a-writer.o)
                0x0000000008000f00                _write_r
 .text._close_r
                0x0000000008000f24       0x20 c:/st/stm32cubeide_1.11.2/stm32cubeide/plugins/com.st.stm32cube.ide.mcu.externaltools.gnu-tools-for-stm32.10.3-2021.10.win32_1.0.100.202210260954/tools/bin/../lib/gcc/arm-none-eabi/10.3.1/../../../../arm-none-eabi/lib/thumb/v7e-m+fp/hard\libc_nano.a(lib_a-closer.o)
                0x0000000008000f24                _close_r
 .text._fstat_r
                0x0000000008000f44       0x24 c:/st/stm32cubeide_1.11.2/stm32cubeide/plugins/com.st.stm32cube.ide.mcu.externaltools.gnu-tools-for-stm32.10.3-2021.10.win32_1.0.100.202210260954/tools/bin/../lib/gcc/arm-none-eabi/10.3.1/../../../../arm-none-eabi/lib/thumb/v7e-m+fp/hard\libc_nano.a(lib_a-fstatr.o)
                0x0000000008000f44                _fstat_r
 .text._isatty_r
                0x0000000008000f68       0x20 c:/st/stm32cubeide_1.11.2/stm32cubeide/plugins/com.st.stm32cube.ide.mcu.externaltools.gnu-tools-for-stm32.10.3-2021.10.win32_1.0.100.202210260954/tools/bin/../lib/gcc/arm-none-eabi/10.3.1/../../../../arm-none-eabi/lib/thumb/v7e-m+fp/hard\libc_nano.a(lib_a-isattyr.o)
                0x0000000008000f68                _isatty_r
 .text._lseek_r
                0x0000000008000f88       0x24 c:/st/stm32cubeide_1.11.2/stm32cubeide/plugins/com.st.stm32cube.ide.mcu.externaltools.gnu-tools-for-stm32.10.3-2021.10.win32_1.0.100.202210260954/tools/bin/../lib/gcc/arm-none-eabi/10.3.1/../../../../arm-none-eabi/lib/thumb/v7e-m+fp/hard\libc_nano.a(lib_a-lseekr.o)
                0x0000000008000f88                _lseek_r
 .text.__malloc_lock
                0x0000000008000fac        0xc c:/st/stm32cubeide_1.11.2/stm32cubeide/plugins/com.st.stm32cube.ide.mcu.externaltools.gnu-tools-for-stm32.10.3-2021.10.win32_1.0.100.202210260954/tools/bin/../lib/gcc/arm-none-eabi/10.3.1/../../../../arm-none-eabi/lib/thumb/v7e-m+fp/hard\libc_nano.a(lib_a-mlock.o)
                0x0000000008000fac                __malloc_lock
 .text.__malloc_unlock
                0x0000000008000fb8        0xc c:/st/stm32cubeide_1.11.2/stm32cubeide/plugins/com.st.stm32cube.ide.mcu.externaltools.gnu-tools-for-stm32.10.3-2021.10.win32_1.0.100.202210260954/tools/bin/../lib/gcc/arm-none-eabi/10.3.1/../../../../arm-none-eabi/lib/thumb/v7e-m+fp/hard\libc_nano.a(lib_a-mlock.o)
                0x0000000008000fb8                __malloc_unlock
 .text._read_r  0x0000000008000fc4       0x24 c:/st/stm32cubeide_1.11.2/stm32cubeide/plugins/com.st.stm32cube.ide.mcu.externaltools.gnu-tools-for-stm32.10.3-2021.10.win32_1.0.100.202210260954/tools/bin/../lib/gcc/arm-none-eabi/10.3.1/../../../../arm-none-eabi/lib/thumb/v7e-m+fp/hard\libc_nano.a(lib_a-readr.o)
                0x0000000008000fc4                _read_r
 *(.glue_7)
 .glue_7        0x0000000008000fe8        0x0 linker stubs
 *(.glue_7t)
 .glue_7t       0x0000000008000fe8        0x0 linker stubs
 *(.eh_frame)
 .eh_frame      0x0000000008000fe8        0x0 c:/st/stm32cubeide_1.11.2/stm32cubeide/plugins/com.st.stm32cube.ide.mcu.externaltools.gnu-tools-for-stm32.10.3-2021.10.win32_1.0.100.202210260954/tools/bin/../lib/gcc/arm-none-eabi/10.3.1/thumb/v7e-m+fp/hard/crtbegin.o
 *(.init)
 .init          0x0000000008000fe8        0x4 c:/st/stm32cubeide_1.11.2/stm32cubeide/plugins/com.st.stm32cube.ide.mcu.externaltools.gnu-tools-for-stm32.10.3-2021.10.win32_1.0.100.202210260954/tools/bin/../lib/gcc/arm-none-eabi/10.3.1/thumb/v7e-m+fp/hard/crti.o
                0x0000000008000fe8                _init
 .init          0x0000000008000fec        0x8 c:/st/stm32cubeide_1.11.2/stm32cubeide/plugins/com.st.stm32cube.ide.mcu.externaltools.gnu-tools-for-stm32.10.3-2021.10.win32_1.0.100.202210260954/tools/bin/../lib/gcc/arm-none-eabi/10.3.1/thumb/v7e-m+fp/hard/crtn.o
 *(.fini)
 .fini          0x0000000008000ff4        0x4 c:/st/stm32cubeide_1.11.2/stm32cubeide/plugins/com.st.stm32cube.ide.mcu.externaltools.gnu-tools-for-stm32.10.3-2021.10.win32_1.0.100.202210260954/tools/bin/../lib/gcc/arm-none-eabi/10.3.1/thumb/v7e-m+fp/hard/crti.o
                0x0000000008000ff4                _fini
 .fini          0x0000000008000ff8        0x8 c:/st/stm32cubeide_1.11.2/stm32cubeide/plugins/com.st.stm32cube.ide.mcu.externaltools.gnu-tools-for-stm32.10.3-2021.10.win32_1.0.100.202210260954/tools/bin/../lib/gcc/arm-none-eabi/10.3.1/thumb/v7e-m+fp/hard/crtn.o
                0x0000000008001000                . = ALIGN (0x4)
                0x0000000008001000                _etext = .

.vfp11_veneer   0x0000000008001000        0x0
 .vfp11_veneer  0x0000000008001000        0x0 linker stubs

.v4_bx          0x0000000008001000        0x0
 .v4_bx         0x0000000008001000        0x0 linker stubs

.iplt           0x0000000008001000        0x0
 .iplt          0x0000000008001000        0x0 c:/st/stm32cubeide_1.11.2/stm32cubeide/plugins/com.st.stm32cube.ide.mcu.externaltools.gnu-tools-for-stm32.10.3-2021.10.win32_1.0.100.202210260954/tools/bin/../lib/gcc/arm-none-eabi/10.3.1/thumb/v7e-m+fp/hard/crtbegin.o

.rodata         0x0000000008001000       0x98
                0x0000000008001000                . = ALIGN (0x4)
 *(.rodata)
 .rodata        0x0000000008001000       0x2e ./Application/BSW/DET/ErrorHandler.o
 *(.rodata*)
 *fill*         0x000000000800102e        0x2 
 .rodata.gpio_pin_map
                0x0000000008001030        0x4 ./Application/ProjectConfig/Gpio_Cfg.o
                0x0000000008001030                gpio_pin_map
 .rodata._global_impure_ptr
                0x0000000008001034        0x4 c:/st/stm32cubeide_1.11.2/stm32cubeide/plugins/com.st.stm32cube.ide.mcu.externaltools.gnu-tools-for-stm32.10.3-2021.10.win32_1.0.100.202210260954/tools/bin/../lib/gcc/arm-none-eabi/10.3.1/../../../../arm-none-eabi/lib/thumb/v7e-m+fp/hard\libc_nano.a(lib_a-impure.o)
                0x0000000008001034                _global_impure_ptr
 .rodata.__sf_fake_stderr
                0x0000000008001038       0x20 c:/st/stm32cubeide_1.11.2/stm32cubeide/plugins/com.st.stm32cube.ide.mcu.externaltools.gnu-tools-for-stm32.10.3-2021.10.win32_1.0.100.202210260954/tools/bin/../lib/gcc/arm-none-eabi/10.3.1/../../../../arm-none-eabi/lib/thumb/v7e-m+fp/hard\libc_nano.a(lib_a-findfp.o)
                0x0000000008001038                __sf_fake_stderr
 .rodata.__sf_fake_stdin
                0x0000000008001058       0x20 c:/st/stm32cubeide_1.11.2/stm32cubeide/plugins/com.st.stm32cube.ide.mcu.externaltools.gnu-tools-for-stm32.10.3-2021.10.win32_1.0.100.202210260954/tools/bin/../lib/gcc/arm-none-eabi/10.3.1/../../../../arm-none-eabi/lib/thumb/v7e-m+fp/hard\libc_nano.a(lib_a-findfp.o)
                0x0000000008001058                __sf_fake_stdin
 .rodata.__sf_fake_stdout
                0x0000000008001078       0x20 c:/st/stm32cubeide_1.11.2/stm32cubeide/plugins/com.st.stm32cube.ide.mcu.externaltools.gnu-tools-for-stm32.10.3-2021.10.win32_1.0.100.202210260954/tools/bin/../lib/gcc/arm-none-eabi/10.3.1/../../../../arm-none-eabi/lib/thumb/v7e-m+fp/hard\libc_nano.a(lib_a-findfp.o)
                0x0000000008001078                __sf_fake_stdout
                0x0000000008001098                . = ALIGN (0x4)

.rel.dyn        0x0000000008001098        0x0
 .rel.iplt      0x0000000008001098        0x0 c:/st/stm32cubeide_1.11.2/stm32cubeide/plugins/com.st.stm32cube.ide.mcu.externaltools.gnu-tools-for-stm32.10.3-2021.10.win32_1.0.100.202210260954/tools/bin/../lib/gcc/arm-none-eabi/10.3.1/thumb/v7e-m+fp/hard/crtbegin.o

.ARM.extab      0x0000000008001098        0x0
                0x0000000008001098                . = ALIGN (0x4)
 *(.ARM.extab* .gnu.linkonce.armextab.*)
                0x0000000008001098                . = ALIGN (0x4)

.ARM            0x0000000008001098        0x0
                0x0000000008001098                . = ALIGN (0x4)
                0x0000000008001098                __exidx_start = .
 *(.ARM.exidx*)
                0x0000000008001098                __exidx_end = .
                0x0000000008001098                . = ALIGN (0x4)

.preinit_array  0x0000000008001098        0x0
                0x0000000008001098                . = ALIGN (0x4)
                0x0000000008001098                PROVIDE (__preinit_array_start = .)
 *(.preinit_array*)
                0x0000000008001098                PROVIDE (__preinit_array_end = .)
                0x0000000008001098                . = ALIGN (0x4)

.init_array     0x0000000008001098        0x4
                0x0000000008001098                . = ALIGN (0x4)
                0x0000000008001098                PROVIDE (__init_array_start = .)
 *(SORT_BY_NAME(.init_array.*))
 *(.init_array*)
 .init_array    0x0000000008001098        0x4 c:/st/stm32cubeide_1.11.2/stm32cubeide/plugins/com.st.stm32cube.ide.mcu.externaltools.gnu-tools-for-stm32.10.3-2021.10.win32_1.0.100.202210260954/tools/bin/../lib/gcc/arm-none-eabi/10.3.1/thumb/v7e-m+fp/hard/crtbegin.o
                0x000000000800109c                PROVIDE (__init_array_end = .)
                0x000000000800109c                . = ALIGN (0x4)

.fini_array     0x000000000800109c        0x4
                0x000000000800109c                . = ALIGN (0x4)
                [!provide]                        PROVIDE (__fini_array_start = .)
 *(SORT_BY_NAME(.fini_array.*))
 *(.fini_array*)
 .fini_array    0x000000000800109c        0x4 c:/st/stm32cubeide_1.11.2/stm32cubeide/plugins/com.st.stm32cube.ide.mcu.externaltools.gnu-tools-for-stm32.10.3-2021.10.win32_1.0.100.202210260954/tools/bin/../lib/gcc/arm-none-eabi/10.3.1/thumb/v7e-m+fp/hard/crtbegin.o
                [!provide]                        PROVIDE (__fini_array_end = .)
                0x00000000080010a0                . = ALIGN (0x4)
                0x00000000080010a0                _sidata = LOADADDR (.data)

.data           0x0000000020000000       0x64 load address 0x00000000080010a0
                0x0000000020000000                . = ALIGN (0x4)
                0x0000000020000000                _sdata = .
 *(.data)
 *(.data*)
 .data._impure_ptr
                0x0000000020000000        0x4 c:/st/stm32cubeide_1.11.2/stm32cubeide/plugins/com.st.stm32cube.ide.mcu.externaltools.gnu-tools-for-stm32.10.3-2021.10.win32_1.0.100.202210260954/tools/bin/../lib/gcc/arm-none-eabi/10.3.1/../../../../arm-none-eabi/lib/thumb/v7e-m+fp/hard\libc_nano.a(lib_a-impure.o)
                0x0000000020000000                _impure_ptr
 .data.impure_data
                0x0000000020000004       0x60 c:/st/stm32cubeide_1.11.2/stm32cubeide/plugins/com.st.stm32cube.ide.mcu.externaltools.gnu-tools-for-stm32.10.3-2021.10.win32_1.0.100.202210260954/tools/bin/../lib/gcc/arm-none-eabi/10.3.1/../../../../arm-none-eabi/lib/thumb/v7e-m+fp/hard\libc_nano.a(lib_a-impure.o)
 *(.RamFunc)
 *(.RamFunc*)
                0x0000000020000064                . = ALIGN (0x4)
                0x0000000020000064                _edata = .
                0x0000000008001104                _siccmram = LOADADDR (.ccmram)

.igot.plt       0x0000000020000064        0x0 load address 0x0000000008001104
 .igot.plt      0x0000000020000064        0x0 c:/st/stm32cubeide_1.11.2/stm32cubeide/plugins/com.st.stm32cube.ide.mcu.externaltools.gnu-tools-for-stm32.10.3-2021.10.win32_1.0.100.202210260954/tools/bin/../lib/gcc/arm-none-eabi/10.3.1/thumb/v7e-m+fp/hard/crtbegin.o

.ccmram         0x0000000010000000        0x0 load address 0x0000000008001104
                0x0000000010000000                . = ALIGN (0x4)
                0x0000000010000000                _sccmram = .
 *(.ccmram)
 *(.ccmram*)
                0x0000000010000000                . = ALIGN (0x4)
                0x0000000010000000                _eccmram = .
                0x0000000010000000                . = ALIGN (0x4)

.bss            0x0000000020000064       0x30
                0x0000000020000064                _sbss = .
                0x0000000020000064                __bss_start__ = _sbss
 *(.bss)
 .bss           0x0000000020000064       0x1c c:/st/stm32cubeide_1.11.2/stm32cubeide/plugins/com.st.stm32cube.ide.mcu.externaltools.gnu-tools-for-stm32.10.3-2021.10.win32_1.0.100.202210260954/tools/bin/../lib/gcc/arm-none-eabi/10.3.1/thumb/v7e-m+fp/hard/crtbegin.o
 *(.bss*)
 .bss.__sbrk_heap_end
                0x0000000020000080        0x4 ./Application/Core/Src/sysmem.o
 .bss.__lock___malloc_recursive_mutex
                0x0000000020000084        0x1 c:/st/stm32cubeide_1.11.2/stm32cubeide/plugins/com.st.stm32cube.ide.mcu.externaltools.gnu-tools-for-stm32.10.3-2021.10.win32_1.0.100.202210260954/tools/bin/../lib/gcc/arm-none-eabi/10.3.1/../../../../arm-none-eabi/lib/thumb/v7e-m+fp/hard\libc_nano.a(lib_a-lock.o)
                0x0000000020000084                __lock___malloc_recursive_mutex
 .bss.__lock___sfp_recursive_mutex
                0x0000000020000085        0x1 c:/st/stm32cubeide_1.11.2/stm32cubeide/plugins/com.st.stm32cube.ide.mcu.externaltools.gnu-tools-for-stm32.10.3-2021.10.win32_1.0.100.202210260954/tools/bin/../lib/gcc/arm-none-eabi/10.3.1/../../../../arm-none-eabi/lib/thumb/v7e-m+fp/hard\libc_nano.a(lib_a-lock.o)
                0x0000000020000085                __lock___sfp_recursive_mutex
 .bss.__lock___sinit_recursive_mutex
                0x0000000020000086        0x1 c:/st/stm32cubeide_1.11.2/stm32cubeide/plugins/com.st.stm32cube.ide.mcu.externaltools.gnu-tools-for-stm32.10.3-2021.10.win32_1.0.100.202210260954/tools/bin/../lib/gcc/arm-none-eabi/10.3.1/../../../../arm-none-eabi/lib/thumb/v7e-m+fp/hard\libc_nano.a(lib_a-lock.o)
                0x0000000020000086                __lock___sinit_recursive_mutex
 *fill*         0x0000000020000087        0x1 
 .bss.__malloc_free_list
                0x0000000020000088        0x4 c:/st/stm32cubeide_1.11.2/stm32cubeide/plugins/com.st.stm32cube.ide.mcu.externaltools.gnu-tools-for-stm32.10.3-2021.10.win32_1.0.100.202210260954/tools/bin/../lib/gcc/arm-none-eabi/10.3.1/../../../../arm-none-eabi/lib/thumb/v7e-m+fp/hard\libc_nano.a(lib_a-nano-mallocr.o)
                0x0000000020000088                __malloc_free_list
 .bss.__malloc_sbrk_start
                0x000000002000008c        0x4 c:/st/stm32cubeide_1.11.2/stm32cubeide/plugins/com.st.stm32cube.ide.mcu.externaltools.gnu-tools-for-stm32.10.3-2021.10.win32_1.0.100.202210260954/tools/bin/../lib/gcc/arm-none-eabi/10.3.1/../../../../arm-none-eabi/lib/thumb/v7e-m+fp/hard\libc_nano.a(lib_a-nano-mallocr.o)
                0x000000002000008c                __malloc_sbrk_start
 .bss.errno     0x0000000020000090        0x4 c:/st/stm32cubeide_1.11.2/stm32cubeide/plugins/com.st.stm32cube.ide.mcu.externaltools.gnu-tools-for-stm32.10.3-2021.10.win32_1.0.100.202210260954/tools/bin/../lib/gcc/arm-none-eabi/10.3.1/../../../../arm-none-eabi/lib/thumb/v7e-m+fp/hard\libc_nano.a(lib_a-reent.o)
                0x0000000020000090                errno
 *(COMMON)
                0x0000000020000094                . = ALIGN (0x4)
                0x0000000020000094                _ebss = .
                0x0000000020000094                __bss_end__ = _ebss

._user_heap_stack
                0x0000000020000094      0x604
                0x0000000020000098                . = ALIGN (0x8)
 *fill*         0x0000000020000094        0x4 
                [!provide]                        PROVIDE (end = .)
                0x0000000020000098                PROVIDE (_end = .)
                0x0000000020000298                . = (. + _Min_Heap_Size)
 *fill*         0x0000000020000098      0x200 
                0x0000000020000698                . = (. + _Min_Stack_Size)
 *fill*         0x0000000020000298      0x400 
                0x0000000020000698                . = ALIGN (0x8)

/DISCARD/
 libc.a(*)
 libm.a(*)
 libgcc.a(*)

.ARM.attributes
                0x0000000000000000       0x30
 *(.ARM.attributes)
 .ARM.attributes
                0x0000000000000000       0x1e c:/st/stm32cubeide_1.11.2/stm32cubeide/plugins/com.st.stm32cube.ide.mcu.externaltools.gnu-tools-for-stm32.10.3-2021.10.win32_1.0.100.202210260954/tools/bin/../lib/gcc/arm-none-eabi/10.3.1/thumb/v7e-m+fp/hard/crti.o
 .ARM.attributes
                0x000000000000001e       0x34 c:/st/stm32cubeide_1.11.2/stm32cubeide/plugins/com.st.stm32cube.ide.mcu.externaltools.gnu-tools-for-stm32.10.3-2021.10.win32_1.0.100.202210260954/tools/bin/../lib/gcc/arm-none-eabi/10.3.1/thumb/v7e-m+fp/hard/crtbegin.o
 .ARM.attributes
                0x0000000000000052       0x34 ./Application/APP/LightsControl/Swc_LightsControl.o
 .ARM.attributes
                0x0000000000000086       0x34 ./Application/BSW/DET/ErrorHandler.o
 .ARM.attributes
                0x00000000000000ba       0x34 ./Application/BSW/GPIO/Gpio.o
 .ARM.attributes
                0x00000000000000ee       0x34 ./Application/Core/Src/main.o
 .ARM.attributes
                0x0000000000000122       0x34 ./Application/Core/Src/syscalls.o
 .ARM.attributes
                0x0000000000000156       0x34 ./Application/Core/Src/sysmem.o
 .ARM.attributes
                0x000000000000018a       0x34 ./Application/MCAL/Dio.o
 .ARM.attributes
                0x00000000000001be       0x34 ./Application/MCAL/PlatformDrivers/STM32F303RE/Dio_Stm32.o
 .ARM.attributes
                0x00000000000001f2       0x34 ./Application/ProjectConfig/Gpio_Cfg.o
 .ARM.attributes
                0x0000000000000226       0x34 ./Application/RTE/Rte_LightsControl.o
 .ARM.attributes
                0x000000000000025a       0x21 ./Startup/startup_stm32f303retx.o
 .ARM.attributes
                0x000000000000027b       0x34 c:/st/stm32cubeide_1.11.2/stm32cubeide/plugins/com.st.stm32cube.ide.mcu.externaltools.gnu-tools-for-stm32.10.3-2021.10.win32_1.0.100.202210260954/tools/bin/../lib/gcc/arm-none-eabi/10.3.1/../../../../arm-none-eabi/lib/thumb/v7e-m+fp/hard\libc_nano.a(lib_a-errno.o)
 .ARM.attributes
                0x00000000000002af       0x34 c:/st/stm32cubeide_1.11.2/stm32cubeide/plugins/com.st.stm32cube.ide.mcu.externaltools.gnu-tools-for-stm32.10.3-2021.10.win32_1.0.100.202210260954/tools/bin/../lib/gcc/arm-none-eabi/10.3.1/../../../../arm-none-eabi/lib/thumb/v7e-m+fp/hard\libc_nano.a(lib_a-impure.o)
 .ARM.attributes
                0x00000000000002e3       0x34 c:/st/stm32cubeide_1.11.2/stm32cubeide/plugins/com.st.stm32cube.ide.mcu.externaltools.gnu-tools-for-stm32.10.3-2021.10.win32_1.0.100.202210260954/tools/bin/../lib/gcc/arm-none-eabi/10.3.1/../../../../arm-none-eabi/lib/thumb/v7e-m+fp/hard\libc_nano.a(lib_a-init.o)
 .ARM.attributes
                0x0000000000000317       0x34 c:/st/stm32cubeide_1.11.2/stm32cubeide/plugins/com.st.stm32cube.ide.mcu.externaltools.gnu-tools-for-stm32.10.3-2021.10.win32_1.0.100.202210260954/tools/bin/../lib/gcc/arm-none-eabi/10.3.1/../../../../arm-none-eabi/lib/thumb/v7e-m+fp/hard\libc_nano.a(lib_a-memset.o)
 .ARM.attributes
                0x000000000000034b       0x34 c:/st/stm32cubeide_1.11.2/stm32cubeide/plugins/com.st.stm32cube.ide.mcu.externaltools.gnu-tools-for-stm32.10.3-2021.10.win32_1.0.100.202210260954/tools/bin/../lib/gcc/arm-none-eabi/10.3.1/../../../../arm-none-eabi/lib/thumb/v7e-m+fp/hard\libc_nano.a(lib_a-puts.o)
 .ARM.attributes
                0x000000000000037f       0x34 c:/st/stm32cubeide_1.11.2/stm32cubeide/plugins/com.st.stm32cube.ide.mcu.externaltools.gnu-tools-for-stm32.10.3-2021.10.win32_1.0.100.202210260954/tools/bin/../lib/gcc/arm-none-eabi/10.3.1/../../../../arm-none-eabi/lib/thumb/v7e-m+fp/hard\libc_nano.a(lib_a-wbuf.o)
 .ARM.attributes
                0x00000000000003b3       0x34 c:/st/stm32cubeide_1.11.2/stm32cubeide/plugins/com.st.stm32cube.ide.mcu.externaltools.gnu-tools-for-stm32.10.3-2021.10.win32_1.0.100.202210260954/tools/bin/../lib/gcc/arm-none-eabi/10.3.1/../../../../arm-none-eabi/lib/thumb/v7e-m+fp/hard\libc_nano.a(lib_a-wsetup.o)
 .ARM.attributes
                0x00000000000003e7       0x34 c:/st/stm32cubeide_1.11.2/stm32cubeide/plugins/com.st.stm32cube.ide.mcu.externaltools.gnu-tools-for-stm32.10.3-2021.10.win32_1.0.100.202210260954/tools/bin/../lib/gcc/arm-none-eabi/10.3.1/../../../../arm-none-eabi/lib/thumb/v7e-m+fp/hard\libc_nano.a(lib_a-fflush.o)
 .ARM.attributes
                0x000000000000041b       0x34 c:/st/stm32cubeide_1.11.2/stm32cubeide/plugins/com.st.stm32cube.ide.mcu.externaltools.gnu-tools-for-stm32.10.3-2021.10.win32_1.0.100.202210260954/tools/bin/../lib/gcc/arm-none-eabi/10.3.1/../../../../arm-none-eabi/lib/thumb/v7e-m+fp/hard\libc_nano.a(lib_a-findfp.o)
 .ARM.attributes
                0x000000000000044f       0x34 c:/st/stm32cubeide_1.11.2/stm32cubeide/plugins/com.st.stm32cube.ide.mcu.externaltools.gnu-tools-for-stm32.10.3-2021.10.win32_1.0.100.202210260954/tools/bin/../lib/gcc/arm-none-eabi/10.3.1/../../../../arm-none-eabi/lib/thumb/v7e-m+fp/hard\libc_nano.a(lib_a-fwalk.o)
 .ARM.attributes
                0x0000000000000483       0x34 c:/st/stm32cubeide_1.11.2/stm32cubeide/plugins/com.st.stm32cube.ide.mcu.externaltools.gnu-tools-for-stm32.10.3-2021.10.win32_1.0.100.202210260954/tools/bin/../lib/gcc/arm-none-eabi/10.3.1/../../../../arm-none-eabi/lib/thumb/v7e-m+fp/hard\libc_nano.a(lib_a-lock.o)
 .ARM.attributes
                0x00000000000004b7       0x34 c:/st/stm32cubeide_1.11.2/stm32cubeide/plugins/com.st.stm32cube.ide.mcu.externaltools.gnu-tools-for-stm32.10.3-2021.10.win32_1.0.100.202210260954/tools/bin/../lib/gcc/arm-none-eabi/10.3.1/../../../../arm-none-eabi/lib/thumb/v7e-m+fp/hard\libc_nano.a(lib_a-makebuf.o)
 .ARM.attributes
                0x00000000000004eb       0x34 c:/st/stm32cubeide_1.11.2/stm32cubeide/plugins/com.st.stm32cube.ide.mcu.externaltools.gnu-tools-for-stm32.10.3-2021.10.win32_1.0.100.202210260954/tools/bin/../lib/gcc/arm-none-eabi/10.3.1/../../../../arm-none-eabi/lib/thumb/v7e-m+fp/hard\libc_nano.a(lib_a-nano-freer.o)
 .ARM.attributes
                0x000000000000051f       0x34 c:/st/stm32cubeide_1.11.2/stm32cubeide/plugins/com.st.stm32cube.ide.mcu.externaltools.gnu-tools-for-stm32.10.3-2021.10.win32_1.0.100.202210260954/tools/bin/../lib/gcc/arm-none-eabi/10.3.1/../../../../arm-none-eabi/lib/thumb/v7e-m+fp/hard\libc_nano.a(lib_a-nano-mallocr.o)
 .ARM.attributes
                0x0000000000000553       0x34 c:/st/stm32cubeide_1.11.2/stm32cubeide/plugins/com.st.stm32cube.ide.mcu.externaltools.gnu-tools-for-stm32.10.3-2021.10.win32_1.0.100.202210260954/tools/bin/../lib/gcc/arm-none-eabi/10.3.1/../../../../arm-none-eabi/lib/thumb/v7e-m+fp/hard\libc_nano.a(lib_a-sbrkr.o)
 .ARM.attributes
                0x0000000000000587       0x34 c:/st/stm32cubeide_1.11.2/stm32cubeide/plugins/com.st.stm32cube.ide.mcu.externaltools.gnu-tools-for-stm32.10.3-2021.10.win32_1.0.100.202210260954/tools/bin/../lib/gcc/arm-none-eabi/10.3.1/../../../../arm-none-eabi/lib/thumb/v7e-m+fp/hard\libc_nano.a(lib_a-stdio.o)
 .ARM.attributes
                0x00000000000005bb       0x34 c:/st/stm32cubeide_1.11.2/stm32cubeide/plugins/com.st.stm32cube.ide.mcu.externaltools.gnu-tools-for-stm32.10.3-2021.10.win32_1.0.100.202210260954/tools/bin/../lib/gcc/arm-none-eabi/10.3.1/../../../../arm-none-eabi/lib/thumb/v7e-m+fp/hard\libc_nano.a(lib_a-writer.o)
 .ARM.attributes
                0x00000000000005ef       0x34 c:/st/stm32cubeide_1.11.2/stm32cubeide/plugins/com.st.stm32cube.ide.mcu.externaltools.gnu-tools-for-stm32.10.3-2021.10.win32_1.0.100.202210260954/tools/bin/../lib/gcc/arm-none-eabi/10.3.1/../../../../arm-none-eabi/lib/thumb/v7e-m+fp/hard\libc_nano.a(lib_a-closer.o)
 .ARM.attributes
                0x0000000000000623       0x34 c:/st/stm32cubeide_1.11.2/stm32cubeide/plugins/com.st.stm32cube.ide.mcu.externaltools.gnu-tools-for-stm32.10.3-2021.10.win32_1.0.100.202210260954/tools/bin/../lib/gcc/arm-none-eabi/10.3.1/../../../../arm-none-eabi/lib/thumb/v7e-m+fp/hard\libc_nano.a(lib_a-fstatr.o)
 .ARM.attributes
                0x0000000000000657       0x34 c:/st/stm32cubeide_1.11.2/stm32cubeide/plugins/com.st.stm32cube.ide.mcu.externaltools.gnu-tools-for-stm32.10.3-2021.10.win32_1.0.100.202210260954/tools/bin/../lib/gcc/arm-none-eabi/10.3.1/../../../../arm-none-eabi/lib/thumb/v7e-m+fp/hard\libc_nano.a(lib_a-isattyr.o)
 .ARM.attributes
                0x000000000000068b       0x34 c:/st/stm32cubeide_1.11.2/stm32cubeide/plugins/com.st.stm32cube.ide.mcu.externaltools.gnu-tools-for-stm32.10.3-2021.10.win32_1.0.100.202210260954/tools/bin/../lib/gcc/arm-none-eabi/10.3.1/../../../../arm-none-eabi/lib/thumb/v7e-m+fp/hard\libc_nano.a(lib_a-lseekr.o)
 .ARM.attributes
                0x00000000000006bf       0x34 c:/st/stm32cubeide_1.11.2/stm32cubeide/plugins/com.st.stm32cube.ide.mcu.externaltools.gnu-tools-for-stm32.10.3-2021.10.win32_1.0.100.202210260954/tools/bin/../lib/gcc/arm-none-eabi/10.3.1/../../../../arm-none-eabi/lib/thumb/v7e-m+fp/hard\libc_nano.a(lib_a-mlock.o)
 .ARM.attributes
                0x00000000000006f3       0x34 c:/st/stm32cubeide_1.11.2/stm32cubeide/plugins/com.st.stm32cube.ide.mcu.externaltools.gnu-tools-for-stm32.10.3-2021.10.win32_1.0.100.202210260954/tools/bin/../lib/gcc/arm-none-eabi/10.3.1/../../../../arm-none-eabi/lib/thumb/v7e-m+fp/hard\libc_nano.a(lib_a-readr.o)
 .ARM.attributes
                0x0000000000000727       0x34 c:/st/stm32cubeide_1.11.2/stm32cubeide/plugins/com.st.stm32cube.ide.mcu.externaltools.gnu-tools-for-stm32.10.3-2021.10.win32_1.0.100.202210260954/tools/bin/../lib/gcc/arm-none-eabi/10.3.1/../../../../arm-none-eabi/lib/thumb/v7e-m+fp/hard\libc_nano.a(lib_a-reent.o)
 .ARM.attributes
                0x000000000000075b       0x1e c:/st/stm32cubeide_1.11.2/stm32cubeide/plugins/com.st.stm32cube.ide.mcu.externaltools.gnu-tools-for-stm32.10.3-2021.10.win32_1.0.100.202210260954/tools/bin/../lib/gcc/arm-none-eabi/10.3.1/thumb/v7e-m+fp/hard/crtn.o
OUTPUT(stm32_lightApp_byGPIOLED.elf elf32-littlearm)
LOAD linker stubs
LOAD c:/st/stm32cubeide_1.11.2/stm32cubeide/plugins/com.st.stm32cube.ide.mcu.externaltools.gnu-tools-for-stm32.10.3-2021.10.win32_1.0.100.202210260954/tools/bin/../lib/gcc/arm-none-eabi/10.3.1/../../../../arm-none-eabi/lib/thumb/v7e-m+fp/hard\libc.a
LOAD c:/st/stm32cubeide_1.11.2/stm32cubeide/plugins/com.st.stm32cube.ide.mcu.externaltools.gnu-tools-for-stm32.10.3-2021.10.win32_1.0.100.202210260954/tools/bin/../lib/gcc/arm-none-eabi/10.3.1/../../../../arm-none-eabi/lib/thumb/v7e-m+fp/hard\libm.a
LOAD c:/st/stm32cubeide_1.11.2/stm32cubeide/plugins/com.st.stm32cube.ide.mcu.externaltools.gnu-tools-for-stm32.10.3-2021.10.win32_1.0.100.202210260954/tools/bin/../lib/gcc/arm-none-eabi/10.3.1/thumb/v7e-m+fp/hard\libgcc.a

.debug_info     0x0000000000000000     0x14cd
 .debug_info    0x0000000000000000      0x13d ./Application/APP/LightsControl/Swc_LightsControl.o
 .debug_info    0x000000000000013d       0xcd ./Application/BSW/DET/ErrorHandler.o
 .debug_info    0x000000000000020a      0x1f2 ./Application/BSW/GPIO/Gpio.o
 .debug_info    0x00000000000003fc       0xc4 ./Application/Core/Src/main.o
 .debug_info    0x00000000000004c0      0x6e0 ./Application/Core/Src/syscalls.o
 .debug_info    0x0000000000000ba0      0x171 ./Application/Core/Src/sysmem.o
 .debug_info    0x0000000000000d11      0x175 ./Application/MCAL/Dio.o
 .debug_info    0x0000000000000e86      0x384 ./Application/MCAL/PlatformDrivers/STM32F303RE/Dio_Stm32.o
 .debug_info    0x000000000000120a      0x138 ./Application/ProjectConfig/Gpio_Cfg.o
 .debug_info    0x0000000000001342      0x169 ./Application/RTE/Rte_LightsControl.o
 .debug_info    0x00000000000014ab       0x22 ./Startup/startup_stm32f303retx.o

.debug_abbrev   0x0000000000000000      0x96e
 .debug_abbrev  0x0000000000000000       0xa6 ./Application/APP/LightsControl/Swc_LightsControl.o
 .debug_abbrev  0x00000000000000a6       0x83 ./Application/BSW/DET/ErrorHandler.o
 .debug_abbrev  0x0000000000000129      0x15b ./Application/BSW/GPIO/Gpio.o
 .debug_abbrev  0x0000000000000284       0x5c ./Application/Core/Src/main.o
 .debug_abbrev  0x00000000000002e0      0x1b3 ./Application/Core/Src/syscalls.o
 .debug_abbrev  0x0000000000000493       0xbb ./Application/Core/Src/sysmem.o
 .debug_abbrev  0x000000000000054e      0x10f ./Application/MCAL/Dio.o
 .debug_abbrev  0x000000000000065d      0x180 ./Application/MCAL/PlatformDrivers/STM32F303RE/Dio_Stm32.o
 .debug_abbrev  0x00000000000007dd       0xc0 ./Application/ProjectConfig/Gpio_Cfg.o
 .debug_abbrev  0x000000000000089d       0xbf ./Application/RTE/Rte_LightsControl.o
 .debug_abbrev  0x000000000000095c       0x12 ./Startup/startup_stm32f303retx.o

.debug_aranges  0x0000000000000000      0x268
 .debug_aranges
                0x0000000000000000       0x48 ./Application/APP/LightsControl/Swc_LightsControl.o
 .debug_aranges
                0x0000000000000048       0x20 ./Application/BSW/DET/ErrorHandler.o
 .debug_aranges
                0x0000000000000068       0x30 ./Application/BSW/GPIO/Gpio.o
 .debug_aranges
                0x0000000000000098       0x20 ./Application/Core/Src/main.o
 .debug_aranges
                0x00000000000000b8       0xa8 ./Application/Core/Src/syscalls.o
 .debug_aranges
                0x0000000000000160       0x20 ./Application/Core/Src/sysmem.o
 .debug_aranges
                0x0000000000000180       0x28 ./Application/MCAL/Dio.o
 .debug_aranges
                0x00000000000001a8       0x40 ./Application/MCAL/PlatformDrivers/STM32F303RE/Dio_Stm32.o
 .debug_aranges
                0x00000000000001e8       0x18 ./Application/ProjectConfig/Gpio_Cfg.o
 .debug_aranges
                0x0000000000000200       0x40 ./Application/RTE/Rte_LightsControl.o
 .debug_aranges
                0x0000000000000240       0x28 ./Startup/startup_stm32f303retx.o

.debug_ranges   0x0000000000000000      0x1b8
 .debug_ranges  0x0000000000000000       0x38 ./Application/APP/LightsControl/Swc_LightsControl.o
 .debug_ranges  0x0000000000000038       0x10 ./Application/BSW/DET/ErrorHandler.o
 .debug_ranges  0x0000000000000048       0x20 ./Application/BSW/GPIO/Gpio.o
 .debug_ranges  0x0000000000000068       0x10 ./Application/Core/Src/main.o
 .debug_ranges  0x0000000000000078       0x98 ./Application/Core/Src/syscalls.o
 .debug_ranges  0x0000000000000110       0x10 ./Application/Core/Src/sysmem.o
 .debug_ranges  0x0000000000000120       0x18 ./Application/MCAL/Dio.o
 .debug_ranges  0x0000000000000138       0x30 ./Application/MCAL/PlatformDrivers/STM32F303RE/Dio_Stm32.o
 .debug_ranges  0x0000000000000168       0x30 ./Application/RTE/Rte_LightsControl.o
 .debug_ranges  0x0000000000000198       0x20 ./Startup/startup_stm32f303retx.o

.debug_macro    0x0000000000000000    0x1999e
 .debug_macro   0x0000000000000000       0x77 ./Application/APP/LightsControl/Swc_LightsControl.o
 .debug_macro   0x0000000000000077      0xa84 ./Application/APP/LightsControl/Swc_LightsControl.o
 .debug_macro   0x0000000000000afb       0x22 ./Application/APP/LightsControl/Swc_LightsControl.o
 .debug_macro   0x0000000000000b1d       0x8e ./Application/APP/LightsControl/Swc_LightsControl.o
 .debug_macro   0x0000000000000bab       0x51 ./Application/APP/LightsControl/Swc_LightsControl.o
 .debug_macro   0x0000000000000bfc      0x103 ./Application/APP/LightsControl/Swc_LightsControl.o
 .debug_macro   0x0000000000000cff       0x6a ./Application/APP/LightsControl/Swc_LightsControl.o
 .debug_macro   0x0000000000000d69      0x1df ./Application/APP/LightsControl/Swc_LightsControl.o
 .debug_macro   0x0000000000000f48      0x1a9 ./Application/BSW/DET/ErrorHandler.o
 .debug_macro   0x00000000000010f1       0x4c ./Application/BSW/DET/ErrorHandler.o
 .debug_macro   0x000000000000113d       0x1e ./Application/BSW/DET/ErrorHandler.o
 .debug_macro   0x000000000000115b       0x94 ./Application/BSW/DET/ErrorHandler.o
 .debug_macro   0x00000000000011ef       0x3c ./Application/BSW/DET/ErrorHandler.o
 .debug_macro   0x000000000000122b       0x34 ./Application/BSW/DET/ErrorHandler.o
 .debug_macro   0x000000000000125f       0x16 ./Application/BSW/DET/ErrorHandler.o
 .debug_macro   0x0000000000001275       0x57 ./Application/BSW/DET/ErrorHandler.o
 .debug_macro   0x00000000000012cc       0x97 ./Application/BSW/DET/ErrorHandler.o
 .debug_macro   0x0000000000001363      0x341 ./Application/BSW/DET/ErrorHandler.o
 .debug_macro   0x00000000000016a4       0xfd ./Application/BSW/DET/ErrorHandler.o
 .debug_macro   0x00000000000017a1       0x10 ./Application/BSW/DET/ErrorHandler.o
 .debug_macro   0x00000000000017b1       0x16 ./Application/BSW/DET/ErrorHandler.o
 .debug_macro   0x00000000000017c7       0x43 ./Application/BSW/DET/ErrorHandler.o
 .debug_macro   0x000000000000180a       0x34 ./Application/BSW/DET/ErrorHandler.o
 .debug_macro   0x000000000000183e       0x10 ./Application/BSW/DET/ErrorHandler.o
 .debug_macro   0x000000000000184e       0x58 ./Application/BSW/DET/ErrorHandler.o
 .debug_macro   0x00000000000018a6       0x71 ./Application/BSW/DET/ErrorHandler.o
 .debug_macro   0x0000000000001917       0x1c ./Application/BSW/DET/ErrorHandler.o
 .debug_macro   0x0000000000001933      0x12a ./Application/BSW/DET/ErrorHandler.o
 .debug_macro   0x0000000000001a5d       0x10 ./Application/BSW/DET/ErrorHandler.o
 .debug_macro   0x0000000000001a6d       0x1c ./Application/BSW/DET/ErrorHandler.o
 .debug_macro   0x0000000000001a89       0x52 ./Application/BSW/DET/ErrorHandler.o
 .debug_macro   0x0000000000001adb       0x22 ./Application/BSW/DET/ErrorHandler.o
 .debug_macro   0x0000000000001afd       0x10 ./Application/BSW/DET/ErrorHandler.o
 .debug_macro   0x0000000000001b0d       0x52 ./Application/BSW/DET/ErrorHandler.o
 .debug_macro   0x0000000000001b5f       0xd5 ./Application/BSW/DET/ErrorHandler.o
 .debug_macro   0x0000000000001c34       0x1c ./Application/BSW/DET/ErrorHandler.o
 .debug_macro   0x0000000000001c50       0x3d ./Application/BSW/DET/ErrorHandler.o
 .debug_macro   0x0000000000001c8d       0x16 ./Application/BSW/DET/ErrorHandler.o
 .debug_macro   0x0000000000001ca3      0x145 ./Application/BSW/DET/ErrorHandler.o
 .debug_macro   0x0000000000001de8       0x8a ./Application/BSW/GPIO/Gpio.o
 .debug_macro   0x0000000000001e72       0x22 ./Application/BSW/GPIO/Gpio.o
 .debug_macro   0x0000000000001e94      0x1e1 ./Application/Core/Src/main.o
 .debug_macro   0x0000000000002075       0x16 ./Application/Core/Src/main.o
 .debug_macro   0x000000000000208b      0x10e ./Application/Core/Src/main.o
 .debug_macro   0x0000000000002199       0x8d ./Application/Core/Src/main.o
 .debug_macro   0x0000000000002226       0x16 ./Application/Core/Src/main.o
 .debug_macro   0x000000000000223c       0x29 ./Application/Core/Src/main.o
 .debug_macro   0x0000000000002265       0x1c ./Application/Core/Src/main.o
 .debug_macro   0x0000000000002281       0x35 ./Application/Core/Src/main.o
 .debug_macro   0x00000000000022b6      0x24c ./Application/Core/Src/syscalls.o
 .debug_macro   0x0000000000002502      0x174 ./Application/Core/Src/syscalls.o
 .debug_macro   0x0000000000002676       0x10 ./Application/Core/Src/syscalls.o
 .debug_macro   0x0000000000002686       0x10 ./Application/Core/Src/syscalls.o
 .debug_macro   0x0000000000002696       0x10 ./Application/Core/Src/syscalls.o
 .debug_macro   0x00000000000026a6       0x35 ./Application/Core/Src/syscalls.o
 .debug_macro   0x00000000000026db      0x12c ./Application/Core/Src/syscalls.o
 .debug_macro   0x0000000000002807       0x10 ./Application/Core/Src/syscalls.o
 .debug_macro   0x0000000000002817      0x241 ./Application/Core/Src/syscalls.o
 .debug_macro   0x0000000000002a58       0x10 ./Application/Core/Src/syscalls.o
 .debug_macro   0x0000000000002a68      0x189 ./Application/Core/Src/syscalls.o
 .debug_macro   0x0000000000002bf1       0x16 ./Application/Core/Src/syscalls.o
 .debug_macro   0x0000000000002c07       0xce ./Application/Core/Src/syscalls.o
 .debug_macro   0x0000000000002cd5       0xff ./Application/Core/Src/sysmem.o
 .debug_macro   0x0000000000002dd4      0x23b ./Application/Core/Src/sysmem.o
 .debug_macro   0x000000000000300f      0x107 ./Application/MCAL/Dio.o
 .debug_macro   0x0000000000003116       0x10 ./Application/MCAL/Dio.o
 .debug_macro   0x0000000000003126       0x28 ./Application/MCAL/Dio.o
 .debug_macro   0x000000000000314e       0x28 ./Application/MCAL/Dio.o
 .debug_macro   0x0000000000003176       0x1c ./Application/MCAL/Dio.o
 .debug_macro   0x0000000000003192       0x22 ./Application/MCAL/Dio.o
 .debug_macro   0x00000000000031b4       0xd9 ./Application/MCAL/Dio.o
 .debug_macro   0x000000000000328d     0x102d ./Application/MCAL/Dio.o
 .debug_macro   0x00000000000042ba      0x11f ./Application/MCAL/Dio.o
 .debug_macro   0x00000000000043d9    0x1535a ./Application/MCAL/Dio.o
 .debug_macro   0x0000000000019733       0x6d ./Application/MCAL/Dio.o
 .debug_macro   0x00000000000197a0       0xf4 ./Application/MCAL/PlatformDrivers/STM32F303RE/Dio_Stm32.o
 .debug_macro   0x0000000000019894       0x76 ./Application/ProjectConfig/Gpio_Cfg.o
 .debug_macro   0x000000000001990a       0x94 ./Application/RTE/Rte_LightsControl.o

.debug_line     0x0000000000000000     0x3971
 .debug_line    0x0000000000000000      0x4b8 ./Application/APP/LightsControl/Swc_LightsControl.o
 .debug_line    0x00000000000004b8      0x577 ./Application/BSW/DET/ErrorHandler.o
 .debug_line    0x0000000000000a2f      0x4df ./Application/BSW/GPIO/Gpio.o
 .debug_line    0x0000000000000f0e      0x66b ./Application/Core/Src/main.o
 .debug_line    0x0000000000001579      0x80a ./Application/Core/Src/syscalls.o
 .debug_line    0x0000000000001d83      0x500 ./Application/Core/Src/sysmem.o
 .debug_line    0x0000000000002283      0x66c ./Application/MCAL/Dio.o
 .debug_line    0x00000000000028ef      0x6e2 ./Application/MCAL/PlatformDrivers/STM32F303RE/Dio_Stm32.o
 .debug_line    0x0000000000002fd1      0x39f ./Application/ProjectConfig/Gpio_Cfg.o
 .debug_line    0x0000000000003370      0x57d ./Application/RTE/Rte_LightsControl.o
 .debug_line    0x00000000000038ed       0x84 ./Startup/startup_stm32f303retx.o

.debug_str      0x0000000000000000    0x88a24
 .debug_str     0x0000000000000000     0x3bd3 ./Application/APP/LightsControl/Swc_LightsControl.o
                                       0x3d3c (size before relaxing)
 .debug_str     0x0000000000003bd3     0x408b ./Application/BSW/DET/ErrorHandler.o
                                       0x7330 (size before relaxing)
 .debug_str     0x0000000000007c5e      0x160 ./Application/BSW/GPIO/Gpio.o
                                       0x3d78 (size before relaxing)
 .debug_str     0x0000000000007dbe      0x10f ./Application/Core/Src/main.o
                                       0x744f (size before relaxing)
 .debug_str     0x0000000000007ecd     0x1694 ./Application/Core/Src/syscalls.o
                                       0x8aa2 (size before relaxing)
 .debug_str     0x0000000000009561       0x77 ./Application/Core/Src/sysmem.o
                                       0x5dde (size before relaxing)
 .debug_str     0x00000000000095d8    0x7f2d3 ./Application/MCAL/Dio.o
                                      0x832c9 (size before relaxing)
 .debug_str     0x00000000000888ab       0xf9 ./Application/MCAL/PlatformDrivers/STM32F303RE/Dio_Stm32.o
                                      0x83376 (size before relaxing)
 .debug_str     0x00000000000889a4       0x28 ./Application/ProjectConfig/Gpio_Cfg.o
                                       0x3d1f (size before relaxing)
 .debug_str     0x00000000000889cc       0x27 ./Application/RTE/Rte_LightsControl.o
                                       0x3d94 (size before relaxing)
 .debug_str     0x00000000000889f3       0x31 ./Startup/startup_stm32f303retx.o
                                         0x7e (size before relaxing)

.comment        0x0000000000000000       0x50
 .comment       0x0000000000000000       0x50 ./Application/APP/LightsControl/Swc_LightsControl.o
                                         0x51 (size before relaxing)
 .comment       0x0000000000000050       0x51 ./Application/BSW/DET/ErrorHandler.o
 .comment       0x0000000000000050       0x51 ./Application/BSW/GPIO/Gpio.o
 .comment       0x0000000000000050       0x51 ./Application/Core/Src/main.o
 .comment       0x0000000000000050       0x51 ./Application/Core/Src/syscalls.o
 .comment       0x0000000000000050       0x51 ./Application/Core/Src/sysmem.o
 .comment       0x0000000000000050       0x51 ./Application/MCAL/Dio.o
 .comment       0x0000000000000050       0x51 ./Application/MCAL/PlatformDrivers/STM32F303RE/Dio_Stm32.o
 .comment       0x0000000000000050       0x51 ./Application/ProjectConfig/Gpio_Cfg.o
 .comment       0x0000000000000050       0x51 ./Application/RTE/Rte_LightsControl.o

.debug_frame    0x0000000000000000      0xd24
 .debug_frame   0x0000000000000000       0xc4 ./Application/APP/LightsControl/Swc_LightsControl.o
 .debug_frame   0x00000000000000c4       0x34 ./Application/BSW/DET/ErrorHandler.o
 .debug_frame   0x00000000000000f8       0x7c ./Application/BSW/GPIO/Gpio.o
 .debug_frame   0x0000000000000174       0x2c ./Application/Core/Src/main.o
 .debug_frame   0x00000000000001a0      0x2ac ./Application/Core/Src/syscalls.o
 .debug_frame   0x000000000000044c       0x34 ./Application/Core/Src/sysmem.o
 .debug_frame   0x0000000000000480       0x58 ./Application/MCAL/Dio.o
 .debug_frame   0x00000000000004d8       0xc8 ./Application/MCAL/PlatformDrivers/STM32F303RE/Dio_Stm32.o
 .debug_frame   0x00000000000005a0       0xa0 ./Application/RTE/Rte_LightsControl.o
 .debug_frame   0x0000000000000640       0x20 c:/st/stm32cubeide_1.11.2/stm32cubeide/plugins/com.st.stm32cube.ide.mcu.externaltools.gnu-tools-for-stm32.10.3-2021.10.win32_1.0.100.202210260954/tools/bin/../lib/gcc/arm-none-eabi/10.3.1/../../../../arm-none-eabi/lib/thumb/v7e-m+fp/hard\libc_nano.a(lib_a-errno.o)
 .debug_frame   0x0000000000000660       0x2c c:/st/stm32cubeide_1.11.2/stm32cubeide/plugins/com.st.stm32cube.ide.mcu.externaltools.gnu-tools-for-stm32.10.3-2021.10.win32_1.0.100.202210260954/tools/bin/../lib/gcc/arm-none-eabi/10.3.1/../../../../arm-none-eabi/lib/thumb/v7e-m+fp/hard\libc_nano.a(lib_a-init.o)
 .debug_frame   0x000000000000068c       0x20 c:/st/stm32cubeide_1.11.2/stm32cubeide/plugins/com.st.stm32cube.ide.mcu.externaltools.gnu-tools-for-stm32.10.3-2021.10.win32_1.0.100.202210260954/tools/bin/../lib/gcc/arm-none-eabi/10.3.1/../../../../arm-none-eabi/lib/thumb/v7e-m+fp/hard\libc_nano.a(lib_a-memset.o)
 .debug_frame   0x00000000000006ac       0x3c c:/st/stm32cubeide_1.11.2/stm32cubeide/plugins/com.st.stm32cube.ide.mcu.externaltools.gnu-tools-for-stm32.10.3-2021.10.win32_1.0.100.202210260954/tools/bin/../lib/gcc/arm-none-eabi/10.3.1/../../../../arm-none-eabi/lib/thumb/v7e-m+fp/hard\libc_nano.a(lib_a-puts.o)
 .debug_frame   0x00000000000006e8       0x40 c:/st/stm32cubeide_1.11.2/stm32cubeide/plugins/com.st.stm32cube.ide.mcu.externaltools.gnu-tools-for-stm32.10.3-2021.10.win32_1.0.100.202210260954/tools/bin/../lib/gcc/arm-none-eabi/10.3.1/../../../../arm-none-eabi/lib/thumb/v7e-m+fp/hard\libc_nano.a(lib_a-wbuf.o)
 .debug_frame   0x0000000000000728       0x2c c:/st/stm32cubeide_1.11.2/stm32cubeide/plugins/com.st.stm32cube.ide.mcu.externaltools.gnu-tools-for-stm32.10.3-2021.10.win32_1.0.100.202210260954/tools/bin/../lib/gcc/arm-none-eabi/10.3.1/../../../../arm-none-eabi/lib/thumb/v7e-m+fp/hard\libc_nano.a(lib_a-wsetup.o)
 .debug_frame   0x0000000000000754       0x5c c:/st/stm32cubeide_1.11.2/stm32cubeide/plugins/com.st.stm32cube.ide.mcu.externaltools.gnu-tools-for-stm32.10.3-2021.10.win32_1.0.100.202210260954/tools/bin/../lib/gcc/arm-none-eabi/10.3.1/../../../../arm-none-eabi/lib/thumb/v7e-m+fp/hard\libc_nano.a(lib_a-fflush.o)
 .debug_frame   0x00000000000007b0      0x14c c:/st/stm32cubeide_1.11.2/stm32cubeide/plugins/com.st.stm32cube.ide.mcu.externaltools.gnu-tools-for-stm32.10.3-2021.10.win32_1.0.100.202210260954/tools/bin/../lib/gcc/arm-none-eabi/10.3.1/../../../../arm-none-eabi/lib/thumb/v7e-m+fp/hard\libc_nano.a(lib_a-findfp.o)
 .debug_frame   0x00000000000008fc       0x54 c:/st/stm32cubeide_1.11.2/stm32cubeide/plugins/com.st.stm32cube.ide.mcu.externaltools.gnu-tools-for-stm32.10.3-2021.10.win32_1.0.100.202210260954/tools/bin/../lib/gcc/arm-none-eabi/10.3.1/../../../../arm-none-eabi/lib/thumb/v7e-m+fp/hard\libc_nano.a(lib_a-fwalk.o)
 .debug_frame   0x0000000000000950       0xb0 c:/st/stm32cubeide_1.11.2/stm32cubeide/plugins/com.st.stm32cube.ide.mcu.externaltools.gnu-tools-for-stm32.10.3-2021.10.win32_1.0.100.202210260954/tools/bin/../lib/gcc/arm-none-eabi/10.3.1/../../../../arm-none-eabi/lib/thumb/v7e-m+fp/hard\libc_nano.a(lib_a-lock.o)
 .debug_frame   0x0000000000000a00       0x58 c:/st/stm32cubeide_1.11.2/stm32cubeide/plugins/com.st.stm32cube.ide.mcu.externaltools.gnu-tools-for-stm32.10.3-2021.10.win32_1.0.100.202210260954/tools/bin/../lib/gcc/arm-none-eabi/10.3.1/../../../../arm-none-eabi/lib/thumb/v7e-m+fp/hard\libc_nano.a(lib_a-makebuf.o)
 .debug_frame   0x0000000000000a58       0x38 c:/st/stm32cubeide_1.11.2/stm32cubeide/plugins/com.st.stm32cube.ide.mcu.externaltools.gnu-tools-for-stm32.10.3-2021.10.win32_1.0.100.202210260954/tools/bin/../lib/gcc/arm-none-eabi/10.3.1/../../../../arm-none-eabi/lib/thumb/v7e-m+fp/hard\libc_nano.a(lib_a-nano-freer.o)
 .debug_frame   0x0000000000000a90       0x4c c:/st/stm32cubeide_1.11.2/stm32cubeide/plugins/com.st.stm32cube.ide.mcu.externaltools.gnu-tools-for-stm32.10.3-2021.10.win32_1.0.100.202210260954/tools/bin/../lib/gcc/arm-none-eabi/10.3.1/../../../../arm-none-eabi/lib/thumb/v7e-m+fp/hard\libc_nano.a(lib_a-nano-mallocr.o)
 .debug_frame   0x0000000000000adc       0x2c c:/st/stm32cubeide_1.11.2/stm32cubeide/plugins/com.st.stm32cube.ide.mcu.externaltools.gnu-tools-for-stm32.10.3-2021.10.win32_1.0.100.202210260954/tools/bin/../lib/gcc/arm-none-eabi/10.3.1/../../../../arm-none-eabi/lib/thumb/v7e-m+fp/hard\libc_nano.a(lib_a-sbrkr.o)
 .debug_frame   0x0000000000000b08       0x88 c:/st/stm32cubeide_1.11.2/stm32cubeide/plugins/com.st.stm32cube.ide.mcu.externaltools.gnu-tools-for-stm32.10.3-2021.10.win32_1.0.100.202210260954/tools/bin/../lib/gcc/arm-none-eabi/10.3.1/../../../../arm-none-eabi/lib/thumb/v7e-m+fp/hard\libc_nano.a(lib_a-stdio.o)
 .debug_frame   0x0000000000000b90       0x2c c:/st/stm32cubeide_1.11.2/stm32cubeide/plugins/com.st.stm32cube.ide.mcu.externaltools.gnu-tools-for-stm32.10.3-2021.10.win32_1.0.100.202210260954/tools/bin/../lib/gcc/arm-none-eabi/10.3.1/../../../../arm-none-eabi/lib/thumb/v7e-m+fp/hard\libc_nano.a(lib_a-writer.o)
 .debug_frame   0x0000000000000bbc       0x2c c:/st/stm32cubeide_1.11.2/stm32cubeide/plugins/com.st.stm32cube.ide.mcu.externaltools.gnu-tools-for-stm32.10.3-2021.10.win32_1.0.100.202210260954/tools/bin/../lib/gcc/arm-none-eabi/10.3.1/../../../../arm-none-eabi/lib/thumb/v7e-m+fp/hard\libc_nano.a(lib_a-closer.o)
 .debug_frame   0x0000000000000be8       0x2c c:/st/stm32cubeide_1.11.2/stm32cubeide/plugins/com.st.stm32cube.ide.mcu.externaltools.gnu-tools-for-stm32.10.3-2021.10.win32_1.0.100.202210260954/tools/bin/../lib/gcc/arm-none-eabi/10.3.1/../../../../arm-none-eabi/lib/thumb/v7e-m+fp/hard\libc_nano.a(lib_a-fstatr.o)
 .debug_frame   0x0000000000000c14       0x2c c:/st/stm32cubeide_1.11.2/stm32cubeide/plugins/com.st.stm32cube.ide.mcu.externaltools.gnu-tools-for-stm32.10.3-2021.10.win32_1.0.100.202210260954/tools/bin/../lib/gcc/arm-none-eabi/10.3.1/../../../../arm-none-eabi/lib/thumb/v7e-m+fp/hard\libc_nano.a(lib_a-isattyr.o)
 .debug_frame   0x0000000000000c40       0x2c c:/st/stm32cubeide_1.11.2/stm32cubeide/plugins/com.st.stm32cube.ide.mcu.externaltools.gnu-tools-for-stm32.10.3-2021.10.win32_1.0.100.202210260954/tools/bin/../lib/gcc/arm-none-eabi/10.3.1/../../../../arm-none-eabi/lib/thumb/v7e-m+fp/hard\libc_nano.a(lib_a-lseekr.o)
 .debug_frame   0x0000000000000c6c       0x30 c:/st/stm32cubeide_1.11.2/stm32cubeide/plugins/com.st.stm32cube.ide.mcu.externaltools.gnu-tools-for-stm32.10.3-2021.10.win32_1.0.100.202210260954/tools/bin/../lib/gcc/arm-none-eabi/10.3.1/../../../../arm-none-eabi/lib/thumb/v7e-m+fp/hard\libc_nano.a(lib_a-mlock.o)
 .debug_frame   0x0000000000000c9c       0x2c c:/st/stm32cubeide_1.11.2/stm32cubeide/plugins/com.st.stm32cube.ide.mcu.externaltools.gnu-tools-for-stm32.10.3-2021.10.win32_1.0.100.202210260954/tools/bin/../lib/gcc/arm-none-eabi/10.3.1/../../../../arm-none-eabi/lib/thumb/v7e-m+fp/hard\libc_nano.a(lib_a-readr.o)
 .debug_frame   0x0000000000000cc8       0x5c c:/st/stm32cubeide_1.11.2/stm32cubeide/plugins/com.st.stm32cube.ide.mcu.externaltools.gnu-tools-for-stm32.10.3-2021.10.win32_1.0.100.202210260954/tools/bin/../lib/gcc/arm-none-eabi/10.3.1/../../../../arm-none-eabi/lib/thumb/v7e-m+fp/hard\libc_nano.a(lib_a-reent.o)
